Archive member included because of file (symbol)

c:/program files (x86)/atmel/atmel toolchain/avr8 gcc/native/3.4.1056/avr8-gnu-toolchain/bin/../lib/gcc/avr/4.8.1/../../../../avr/lib/avr5\libm.a(addsf3.o)
                              moteur.o (__subsf3)
c:/program files (x86)/atmel/atmel toolchain/avr8 gcc/native/3.4.1056/avr8-gnu-toolchain/bin/../lib/gcc/avr/4.8.1/../../../../avr/lib/avr5\libm.a(addsf3x.o)
                              c:/program files (x86)/atmel/atmel toolchain/avr8 gcc/native/3.4.1056/avr8-gnu-toolchain/bin/../lib/gcc/avr/4.8.1/../../../../avr/lib/avr5\libm.a(addsf3.o) (__addsf3x)
c:/program files (x86)/atmel/atmel toolchain/avr8 gcc/native/3.4.1056/avr8-gnu-toolchain/bin/../lib/gcc/avr/4.8.1/../../../../avr/lib/avr5\libm.a(cmpsf2.o)
                              main.o (__ltsf2)
c:/program files (x86)/atmel/atmel toolchain/avr8 gcc/native/3.4.1056/avr8-gnu-toolchain/bin/../lib/gcc/avr/4.8.1/../../../../avr/lib/avr5\libm.a(divsf3.o)
                              ADC.o (__divsf3)
c:/program files (x86)/atmel/atmel toolchain/avr8 gcc/native/3.4.1056/avr8-gnu-toolchain/bin/../lib/gcc/avr/4.8.1/../../../../avr/lib/avr5\libm.a(divsf3x.o)
                              c:/program files (x86)/atmel/atmel toolchain/avr8 gcc/native/3.4.1056/avr8-gnu-toolchain/bin/../lib/gcc/avr/4.8.1/../../../../avr/lib/avr5\libm.a(divsf3.o) (__divsf3x)
c:/program files (x86)/atmel/atmel toolchain/avr8 gcc/native/3.4.1056/avr8-gnu-toolchain/bin/../lib/gcc/avr/4.8.1/../../../../avr/lib/avr5\libm.a(fixunssfsi.o)
                              main.o (__fixunssfsi)
c:/program files (x86)/atmel/atmel toolchain/avr8 gcc/native/3.4.1056/avr8-gnu-toolchain/bin/../lib/gcc/avr/4.8.1/../../../../avr/lib/avr5\libm.a(floatsisf.o)
                              ADC.o (__floatunsisf)
c:/program files (x86)/atmel/atmel toolchain/avr8 gcc/native/3.4.1056/avr8-gnu-toolchain/bin/../lib/gcc/avr/4.8.1/../../../../avr/lib/avr5\libm.a(fp_cmp.o)
                              c:/program files (x86)/atmel/atmel toolchain/avr8 gcc/native/3.4.1056/avr8-gnu-toolchain/bin/../lib/gcc/avr/4.8.1/../../../../avr/lib/avr5\libm.a(cmpsf2.o) (__fp_cmp)
c:/program files (x86)/atmel/atmel toolchain/avr8 gcc/native/3.4.1056/avr8-gnu-toolchain/bin/../lib/gcc/avr/4.8.1/../../../../avr/lib/avr5\libm.a(fp_inf.o)
                              c:/program files (x86)/atmel/atmel toolchain/avr8 gcc/native/3.4.1056/avr8-gnu-toolchain/bin/../lib/gcc/avr/4.8.1/../../../../avr/lib/avr5\libm.a(addsf3x.o) (__fp_inf)
c:/program files (x86)/atmel/atmel toolchain/avr8 gcc/native/3.4.1056/avr8-gnu-toolchain/bin/../lib/gcc/avr/4.8.1/../../../../avr/lib/avr5\libm.a(fp_nan.o)
                              c:/program files (x86)/atmel/atmel toolchain/avr8 gcc/native/3.4.1056/avr8-gnu-toolchain/bin/../lib/gcc/avr/4.8.1/../../../../avr/lib/avr5\libm.a(addsf3x.o) (__fp_nan)
c:/program files (x86)/atmel/atmel toolchain/avr8 gcc/native/3.4.1056/avr8-gnu-toolchain/bin/../lib/gcc/avr/4.8.1/../../../../avr/lib/avr5\libm.a(fp_pscA.o)
                              c:/program files (x86)/atmel/atmel toolchain/avr8 gcc/native/3.4.1056/avr8-gnu-toolchain/bin/../lib/gcc/avr/4.8.1/../../../../avr/lib/avr5\libm.a(addsf3x.o) (__fp_pscA)
c:/program files (x86)/atmel/atmel toolchain/avr8 gcc/native/3.4.1056/avr8-gnu-toolchain/bin/../lib/gcc/avr/4.8.1/../../../../avr/lib/avr5\libm.a(fp_pscB.o)
                              c:/program files (x86)/atmel/atmel toolchain/avr8 gcc/native/3.4.1056/avr8-gnu-toolchain/bin/../lib/gcc/avr/4.8.1/../../../../avr/lib/avr5\libm.a(addsf3x.o) (__fp_pscB)
c:/program files (x86)/atmel/atmel toolchain/avr8 gcc/native/3.4.1056/avr8-gnu-toolchain/bin/../lib/gcc/avr/4.8.1/../../../../avr/lib/avr5\libm.a(fp_round.o)
                              c:/program files (x86)/atmel/atmel toolchain/avr8 gcc/native/3.4.1056/avr8-gnu-toolchain/bin/../lib/gcc/avr/4.8.1/../../../../avr/lib/avr5\libm.a(addsf3.o) (__fp_round)
c:/program files (x86)/atmel/atmel toolchain/avr8 gcc/native/3.4.1056/avr8-gnu-toolchain/bin/../lib/gcc/avr/4.8.1/../../../../avr/lib/avr5\libm.a(fp_split3.o)
                              c:/program files (x86)/atmel/atmel toolchain/avr8 gcc/native/3.4.1056/avr8-gnu-toolchain/bin/../lib/gcc/avr/4.8.1/../../../../avr/lib/avr5\libm.a(addsf3x.o) (__fp_split3)
c:/program files (x86)/atmel/atmel toolchain/avr8 gcc/native/3.4.1056/avr8-gnu-toolchain/bin/../lib/gcc/avr/4.8.1/../../../../avr/lib/avr5\libm.a(fp_zero.o)
                              c:/program files (x86)/atmel/atmel toolchain/avr8 gcc/native/3.4.1056/avr8-gnu-toolchain/bin/../lib/gcc/avr/4.8.1/../../../../avr/lib/avr5\libm.a(addsf3x.o) (__fp_zero)
c:/program files (x86)/atmel/atmel toolchain/avr8 gcc/native/3.4.1056/avr8-gnu-toolchain/bin/../lib/gcc/avr/4.8.1/../../../../avr/lib/avr5\libm.a(gesf2.o)
                              moteur.o (__gesf2)
c:/program files (x86)/atmel/atmel toolchain/avr8 gcc/native/3.4.1056/avr8-gnu-toolchain/bin/../lib/gcc/avr/4.8.1/../../../../avr/lib/avr5\libm.a(mulsf3.o)
                              main.o (__mulsf3)
c:/program files (x86)/atmel/atmel toolchain/avr8 gcc/native/3.4.1056/avr8-gnu-toolchain/bin/../lib/gcc/avr/4.8.1/../../../../avr/lib/avr5\libm.a(mulsf3x.o)
                              c:/program files (x86)/atmel/atmel toolchain/avr8 gcc/native/3.4.1056/avr8-gnu-toolchain/bin/../lib/gcc/avr/4.8.1/../../../../avr/lib/avr5\libm.a(mulsf3.o) (__mulsf3x)
c:/program files (x86)/atmel/atmel toolchain/avr8 gcc/native/3.4.1056/avr8-gnu-toolchain/bin/../lib/gcc/avr/4.8.1/avr5\libgcc.a(_udivmodsi4.o)
                              ADC.o (__udivmodsi4)
c:/program files (x86)/atmel/atmel toolchain/avr8 gcc/native/3.4.1056/avr8-gnu-toolchain/bin/../lib/gcc/avr/4.8.1/avr5\libgcc.a(_exit.o)
                              c:/program files (x86)/atmel/atmel toolchain/avr8 gcc/native/3.4.1056/avr8-gnu-toolchain/bin/../lib/gcc/avr/4.8.1/../../../../avr/lib/avr5/crtm32.o (exit)
c:/program files (x86)/atmel/atmel toolchain/avr8 gcc/native/3.4.1056/avr8-gnu-toolchain/bin/../lib/gcc/avr/4.8.1/avr5\libgcc.a(_copy_data.o)
                              ADC.o (__do_copy_data)
c:/program files (x86)/atmel/atmel toolchain/avr8 gcc/native/3.4.1056/avr8-gnu-toolchain/bin/../lib/gcc/avr/4.8.1/avr5\libgcc.a(_clear_bss.o)
                              ADC.o (__do_clear_bss)

Allocating common symbols
Common symbol       size              file

UARTRxBox           0x2               UART.o
OSLockNesting       0x1               uCOS_II/os_core.o
sem_SystemOFF       0x2               main.o
OSRunning           0x1               uCOS_II/os_core.o
sem_UARTTx          0x2               UART.o
OSIdleCtr           0x4               uCOS_II/os_core.o
sem_SystemON        0x2               main.o
OSPrioHighRdy       0x1               uCOS_II/os_core.o
Start_Stk           0x64              main.o
OSFlagTbl           0x14              uCOS_II/os_core.o
OSPrioCur           0x1               uCOS_II/os_core.o
OSTCBList           0x2               uCOS_II/os_core.o
OSCtxSwCtr          0x4               uCOS_II/os_core.o
OSTCBFreeList       0x2               uCOS_II/os_core.o
OSTaskCtr           0x1               uCOS_II/os_core.o
OSQTbl              0x1c              uCOS_II/os_core.o
sem_StatusChanged   0x2               main.o
OSTCBHighRdy        0x2               uCOS_II/os_core.o
OSQFreeList         0x2               uCOS_II/os_core.o
OSRdyGrp            0x1               uCOS_II/os_core.o
OSRdyTbl            0x2               uCOS_II/os_core.o
Stop_Stk            0x64              main.o
SendDbg_Stk         0x64              main.o
DebugMessage        0x14              main.o
OSEventFreeList     0x2               uCOS_II/os_core.o
Disp_Stk            0x64              main.o
MotorCtl_Stk        0x64              main.o
OSIntExitY          0x1               uCOS_II/os_core.o
sem_UARTEcho        0x2               UART.o
OSIntNesting        0x1               uCOS_II/os_core.o
sem_PWMtick         0x2               PWM.o
OSTCBCur            0x2               uCOS_II/os_core.o
Cmd_Stk             0x64              main.o
OSTaskIdleStk       0x64              uCOS_II/os_core.o
OSEventTbl          0xa0              uCOS_II/os_core.o
OSTCBTbl            0xbe              uCOS_II/os_core.o
OSFlagFreeList      0x2               uCOS_II/os_core.o
OSTCBPrioTbl        0x20              uCOS_II/os_core.o
DebugMessageQ       0x2               UART.o

Discarded input sections

 .bss           0x00000000        0x0 c:/program files (x86)/atmel/atmel toolchain/avr8 gcc/native/3.4.1056/avr8-gnu-toolchain/bin/../lib/gcc/avr/4.8.1/../../../../avr/lib/avr5/crtm32.o
 .text          0x00000000        0x0 ADC.o
 .bss           0x00000000        0x0 ADC.o
 .text          0x00000000        0x0 LED.o
 .bss           0x00000000        0x0 LED.o
 .text.LED_ON   0x00000000       0x18 LED.o
 .text.LED_OFF  0x00000000       0x1a LED.o
 .bss.RIGHT_ADCvalue
                0x00000000        0x4 LED.o
 .bss.RIGHT_counter
                0x00000000        0x4 LED.o
 .bss.LEFT_ADCvalue
                0x00000000        0x4 LED.o
 .bss.LEFT_counter
                0x00000000        0x4 LED.o
 .text          0x00000000        0x0 main.o
 .bss           0x00000000        0x0 main.o
 .bss.RIGHT_ADCvalue
                0x00000000        0x4 main.o
 .bss.RIGHT_counter
                0x00000000        0x4 main.o
 .bss.LEFT_ADCvalue
                0x00000000        0x4 main.o
 .bss.LEFT_counter
                0x00000000        0x4 main.o
 .text          0x00000000        0x0 moteur.o
 .bss           0x00000000        0x0 moteur.o
 .text          0x00000000        0x0 PWM.o
 .bss           0x00000000        0x0 PWM.o
 .bss.RIGHT_ADCvalue
                0x00000000        0x4 PWM.o
 .bss.RIGHT_counter
                0x00000000        0x4 PWM.o
 .bss.LEFT_ADCvalue
                0x00000000        0x4 PWM.o
 .bss.LEFT_counter
                0x00000000        0x4 PWM.o
 .text          0x00000000        0x0 UART.o
 .bss           0x00000000        0x0 UART.o
 .bss.RIGHT_ADCvalue
                0x00000000        0x4 UART.o
 .bss.RIGHT_counter
                0x00000000        0x4 UART.o
 .bss.LEFT_ADCvalue
                0x00000000        0x4 UART.o
 .bss.LEFT_counter
                0x00000000        0x4 UART.o
 .text          0x00000000        0x0 uCOS_II/os_core.o
 .bss           0x00000000        0x0 uCOS_II/os_core.o
 .text.OSIntEnter
                0x00000000       0x18 uCOS_II/os_core.o
 .text.OSVersion
                0x00000000        0x6 uCOS_II/os_core.o
 .rodata.OSDebugEn
                0x00000000        0x2 uCOS_II/os_core.o
 .text          0x00000000        0x0 uCOS_II/os_cpu_c.o
 .bss           0x00000000        0x0 uCOS_II/os_cpu_c.o
 .text.InitOSTimer
                0x00000000       0x1e uCOS_II/os_cpu_c.o
 .text.OSTaskDelHook
                0x00000000        0x2 uCOS_II/os_cpu_c.o
 .text.OSTaskStatHook
                0x00000000        0x2 uCOS_II/os_cpu_c.o
 .text.OSTaskSwHook
                0x00000000        0x2 uCOS_II/os_cpu_c.o
 .text          0x00000000        0x0 uCOS_II/os_flag.o
 .bss           0x00000000        0x0 uCOS_II/os_flag.o
 .text.OS_FlagBlock
                0x00000000       0x88 uCOS_II/os_flag.o
 .text.OSFlagAccept
                0x00000000       0xee uCOS_II/os_flag.o
 .text.OSFlagCreate
                0x00000000       0x60 uCOS_II/os_flag.o
 .text.OSFlagPendGetFlagsRdy
                0x00000000       0x1c uCOS_II/os_flag.o
 .text.OSFlagQuery
                0x00000000       0x2a uCOS_II/os_flag.o
 .text.OS_FlagUnlink
                0x00000000       0x3c uCOS_II/os_flag.o
 .text.OSFlagPend
                0x00000000      0x264 uCOS_II/os_flag.o
 .text.OS_FlagTaskRdy
                0x00000000       0x48 uCOS_II/os_flag.o
 .text.OSFlagPost
                0x00000000      0x148 uCOS_II/os_flag.o
 .text          0x00000000        0x0 uCOS_II/os_mbox.o
 .bss           0x00000000        0x0 uCOS_II/os_mbox.o
 .text.OSMboxAccept
                0x00000000       0x26 uCOS_II/os_mbox.o
 .text.OSMboxCreate
                0x00000000       0x5e uCOS_II/os_mbox.o
 .text.OSMboxPend
                0x00000000       0xce uCOS_II/os_mbox.o
 .text.OSMboxPostOpt
                0x00000000       0x78 uCOS_II/os_mbox.o
 .text.OSMboxQuery
                0x00000000       0x40 uCOS_II/os_mbox.o
 .text          0x00000000        0x0 uCOS_II/os_mem.o
 .bss           0x00000000        0x0 uCOS_II/os_mem.o
 .text          0x00000000        0x0 uCOS_II/os_mutex.o
 .bss           0x00000000        0x0 uCOS_II/os_mutex.o
 .text.OSMutexAccept
                0x00000000       0x76 uCOS_II/os_mutex.o
 .text.OSMutexCreate
                0x00000000       0xca uCOS_II/os_mutex.o
 .text.OSMutexPend
                0x00000000      0x206 uCOS_II/os_mutex.o
 .text.OSMutexPost
                0x00000000      0x140 uCOS_II/os_mutex.o
 .text.OSMutexQuery
                0x00000000       0x60 uCOS_II/os_mutex.o
 .text          0x00000000        0x0 uCOS_II/os_q.o
 .bss           0x00000000        0x0 uCOS_II/os_q.o
 .text.OSQAccept
                0x00000000       0x76 uCOS_II/os_q.o
 .text.OSQFlush
                0x00000000       0x2c uCOS_II/os_q.o
 .text.OSQPend  0x00000000       0xe2 uCOS_II/os_q.o
 .text.OSQPost  0x00000000       0x8a uCOS_II/os_q.o
 .text.OSQPostOpt
                0x00000000       0xda uCOS_II/os_q.o
 .text.OSQQuery
                0x00000000       0x7c uCOS_II/os_q.o
 .text          0x00000000        0x0 uCOS_II/os_sem.o
 .bss           0x00000000        0x0 uCOS_II/os_sem.o
 .text.OSSemAccept
                0x00000000       0x38 uCOS_II/os_sem.o
 .text.OSSemQuery
                0x00000000       0x40 uCOS_II/os_sem.o
 .text          0x00000000        0x0 uCOS_II/os_task.o
 .bss           0x00000000        0x0 uCOS_II/os_task.o
 .text.OSTaskQuery
                0x00000000       0x4c uCOS_II/os_task.o
 .text          0x00000000        0x0 uCOS_II/os_time.o
 .bss           0x00000000        0x0 uCOS_II/os_time.o
 .text.OSTimeDly
                0x00000000       0x48 uCOS_II/os_time.o
 .text.OSTimeDlyResume
                0x00000000       0x82 uCOS_II/os_time.o
 .text          0x00000000        0x0 uCOS_II/ucos_ii.o
 .bss           0x00000000        0x0 uCOS_II/ucos_ii.o
 .text.OS_FlagBlock
                0x00000000       0x88 uCOS_II/ucos_ii.o
 .text.OS_TaskIdle
                0x00000000       0x3a uCOS_II/ucos_ii.o
 .text.OSIntEnter
                0x00000000       0x18 uCOS_II/ucos_ii.o
 .text.OSIntExit
                0x00000000       0xac uCOS_II/ucos_ii.o
 .text.OSStart  0x00000000       0x5a uCOS_II/ucos_ii.o
 .text.OSTimeTick
                0x00000000       0x74 uCOS_II/ucos_ii.o
 .text.OSVersion
                0x00000000        0x6 uCOS_II/ucos_ii.o
 .text.OS_EventTaskRdy
                0x00000000       0xaa uCOS_II/ucos_ii.o
 .text.OS_EventTaskWait
                0x00000000       0x5e uCOS_II/ucos_ii.o
 .text.OS_EventTO
                0x00000000       0x40 uCOS_II/ucos_ii.o
 .text.OS_EventWaitListInit
                0x00000000        0xa uCOS_II/ucos_ii.o
 .text.OS_Sched
                0x00000000       0x94 uCOS_II/ucos_ii.o
 .text.OS_TCBInit
                0x00000000       0xe2 uCOS_II/ucos_ii.o
 .text.OSFlagAccept
                0x00000000       0xee uCOS_II/ucos_ii.o
 .text.OSFlagCreate
                0x00000000       0x60 uCOS_II/ucos_ii.o
 .text.OSFlagPendGetFlagsRdy
                0x00000000       0x1c uCOS_II/ucos_ii.o
 .text.OSFlagQuery
                0x00000000       0x2a uCOS_II/ucos_ii.o
 .text.OS_FlagInit
                0x00000000       0x5a uCOS_II/ucos_ii.o
 .text.OS_FlagUnlink
                0x00000000       0x3c uCOS_II/ucos_ii.o
 .text.OSFlagPend
                0x00000000      0x264 uCOS_II/ucos_ii.o
 .text.OS_FlagTaskRdy
                0x00000000       0x48 uCOS_II/ucos_ii.o
 .text.OSFlagPost
                0x00000000      0x148 uCOS_II/ucos_ii.o
 .text.OSMboxAccept
                0x00000000       0x26 uCOS_II/ucos_ii.o
 .text.OSMboxCreate
                0x00000000       0x56 uCOS_II/ucos_ii.o
 .text.OSMboxPend
                0x00000000       0xce uCOS_II/ucos_ii.o
 .text.OSMboxPost
                0x00000000       0x54 uCOS_II/ucos_ii.o
 .text.OSMboxPostOpt
                0x00000000       0x78 uCOS_II/ucos_ii.o
 .text.OSMboxQuery
                0x00000000       0x40 uCOS_II/ucos_ii.o
 .text.OSMutexAccept
                0x00000000       0x76 uCOS_II/ucos_ii.o
 .text.OSMutexCreate
                0x00000000       0xb8 uCOS_II/ucos_ii.o
 .text.OSMutexPend
                0x00000000      0x206 uCOS_II/ucos_ii.o
 .text.OSMutexPost
                0x00000000      0x140 uCOS_II/ucos_ii.o
 .text.OSMutexQuery
                0x00000000       0x60 uCOS_II/ucos_ii.o
 .text.OSQAccept
                0x00000000       0x76 uCOS_II/ucos_ii.o
 .text.OSQCreate
                0x00000000       0xda uCOS_II/ucos_ii.o
 .text.OSQFlush
                0x00000000       0x2c uCOS_II/ucos_ii.o
 .text.OSQPend  0x00000000       0xe2 uCOS_II/ucos_ii.o
 .text.OSQPost  0x00000000       0x8a uCOS_II/ucos_ii.o
 .text.OSQPostOpt
                0x00000000       0xda uCOS_II/ucos_ii.o
 .text.OSQQuery
                0x00000000       0x7c uCOS_II/ucos_ii.o
 .text.OS_QInit
                0x00000000       0x24 uCOS_II/ucos_ii.o
 .text.OSSemAccept
                0x00000000       0x38 uCOS_II/ucos_ii.o
 .text.OSSemCreate
                0x00000000       0x56 uCOS_II/ucos_ii.o
 .text.OSSemPend
                0x00000000       0xb0 uCOS_II/ucos_ii.o
 .text.OSSemPost
                0x00000000       0x60 uCOS_II/ucos_ii.o
 .text.OSSemQuery
                0x00000000       0x40 uCOS_II/ucos_ii.o
 .text.OSTaskCreate
                0x00000000       0xe4 uCOS_II/ucos_ii.o
 .text.OSInit   0x00000000      0x15a uCOS_II/ucos_ii.o
 .text.OSTaskQuery
                0x00000000       0x4c uCOS_II/ucos_ii.o
 .text.OSTimeDly
                0x00000000       0x48 uCOS_II/ucos_ii.o
 .text.OSTimeDlyResume
                0x00000000       0x82 uCOS_II/ucos_ii.o
 .rodata.OSDebugEn
                0x00000000        0x2 uCOS_II/ucos_ii.o
 .rodata.OSUnMapTbl
                0x00000000      0x100 uCOS_II/ucos_ii.o
 .rodata.OSMapTbl
                0x00000000        0x8 uCOS_II/ucos_ii.o
 .text          0x00000000        0x0 c:/program files (x86)/atmel/atmel toolchain/avr8 gcc/native/3.4.1056/avr8-gnu-toolchain/bin/../lib/gcc/avr/4.8.1/../../../../avr/lib/avr5\libm.a(addsf3.o)
 .bss           0x00000000        0x0 c:/program files (x86)/atmel/atmel toolchain/avr8 gcc/native/3.4.1056/avr8-gnu-toolchain/bin/../lib/gcc/avr/4.8.1/../../../../avr/lib/avr5\libm.a(addsf3.o)
 .text          0x00000000        0x0 c:/program files (x86)/atmel/atmel toolchain/avr8 gcc/native/3.4.1056/avr8-gnu-toolchain/bin/../lib/gcc/avr/4.8.1/../../../../avr/lib/avr5\libm.a(addsf3x.o)
 .bss           0x00000000        0x0 c:/program files (x86)/atmel/atmel toolchain/avr8 gcc/native/3.4.1056/avr8-gnu-toolchain/bin/../lib/gcc/avr/4.8.1/../../../../avr/lib/avr5\libm.a(addsf3x.o)
 .text          0x00000000        0x0 c:/program files (x86)/atmel/atmel toolchain/avr8 gcc/native/3.4.1056/avr8-gnu-toolchain/bin/../lib/gcc/avr/4.8.1/../../../../avr/lib/avr5\libm.a(cmpsf2.o)
 .bss           0x00000000        0x0 c:/program files (x86)/atmel/atmel toolchain/avr8 gcc/native/3.4.1056/avr8-gnu-toolchain/bin/../lib/gcc/avr/4.8.1/../../../../avr/lib/avr5\libm.a(cmpsf2.o)
 .text          0x00000000        0x0 c:/program files (x86)/atmel/atmel toolchain/avr8 gcc/native/3.4.1056/avr8-gnu-toolchain/bin/../lib/gcc/avr/4.8.1/../../../../avr/lib/avr5\libm.a(divsf3.o)
 .bss           0x00000000        0x0 c:/program files (x86)/atmel/atmel toolchain/avr8 gcc/native/3.4.1056/avr8-gnu-toolchain/bin/../lib/gcc/avr/4.8.1/../../../../avr/lib/avr5\libm.a(divsf3.o)
 .text          0x00000000        0x0 c:/program files (x86)/atmel/atmel toolchain/avr8 gcc/native/3.4.1056/avr8-gnu-toolchain/bin/../lib/gcc/avr/4.8.1/../../../../avr/lib/avr5\libm.a(divsf3x.o)
 .bss           0x00000000        0x0 c:/program files (x86)/atmel/atmel toolchain/avr8 gcc/native/3.4.1056/avr8-gnu-toolchain/bin/../lib/gcc/avr/4.8.1/../../../../avr/lib/avr5\libm.a(divsf3x.o)
 .text          0x00000000        0x0 c:/program files (x86)/atmel/atmel toolchain/avr8 gcc/native/3.4.1056/avr8-gnu-toolchain/bin/../lib/gcc/avr/4.8.1/../../../../avr/lib/avr5\libm.a(fixunssfsi.o)
 .bss           0x00000000        0x0 c:/program files (x86)/atmel/atmel toolchain/avr8 gcc/native/3.4.1056/avr8-gnu-toolchain/bin/../lib/gcc/avr/4.8.1/../../../../avr/lib/avr5\libm.a(fixunssfsi.o)
 .text          0x00000000        0x0 c:/program files (x86)/atmel/atmel toolchain/avr8 gcc/native/3.4.1056/avr8-gnu-toolchain/bin/../lib/gcc/avr/4.8.1/../../../../avr/lib/avr5\libm.a(floatsisf.o)
 .bss           0x00000000        0x0 c:/program files (x86)/atmel/atmel toolchain/avr8 gcc/native/3.4.1056/avr8-gnu-toolchain/bin/../lib/gcc/avr/4.8.1/../../../../avr/lib/avr5\libm.a(floatsisf.o)
 .text          0x00000000        0x0 c:/program files (x86)/atmel/atmel toolchain/avr8 gcc/native/3.4.1056/avr8-gnu-toolchain/bin/../lib/gcc/avr/4.8.1/../../../../avr/lib/avr5\libm.a(fp_cmp.o)
 .bss           0x00000000        0x0 c:/program files (x86)/atmel/atmel toolchain/avr8 gcc/native/3.4.1056/avr8-gnu-toolchain/bin/../lib/gcc/avr/4.8.1/../../../../avr/lib/avr5\libm.a(fp_cmp.o)
 .text          0x00000000        0x0 c:/program files (x86)/atmel/atmel toolchain/avr8 gcc/native/3.4.1056/avr8-gnu-toolchain/bin/../lib/gcc/avr/4.8.1/../../../../avr/lib/avr5\libm.a(fp_inf.o)
 .bss           0x00000000        0x0 c:/program files (x86)/atmel/atmel toolchain/avr8 gcc/native/3.4.1056/avr8-gnu-toolchain/bin/../lib/gcc/avr/4.8.1/../../../../avr/lib/avr5\libm.a(fp_inf.o)
 .text          0x00000000        0x0 c:/program files (x86)/atmel/atmel toolchain/avr8 gcc/native/3.4.1056/avr8-gnu-toolchain/bin/../lib/gcc/avr/4.8.1/../../../../avr/lib/avr5\libm.a(fp_nan.o)
 .bss           0x00000000        0x0 c:/program files (x86)/atmel/atmel toolchain/avr8 gcc/native/3.4.1056/avr8-gnu-toolchain/bin/../lib/gcc/avr/4.8.1/../../../../avr/lib/avr5\libm.a(fp_nan.o)
 .text          0x00000000        0x0 c:/program files (x86)/atmel/atmel toolchain/avr8 gcc/native/3.4.1056/avr8-gnu-toolchain/bin/../lib/gcc/avr/4.8.1/../../../../avr/lib/avr5\libm.a(fp_pscA.o)
 .bss           0x00000000        0x0 c:/program files (x86)/atmel/atmel toolchain/avr8 gcc/native/3.4.1056/avr8-gnu-toolchain/bin/../lib/gcc/avr/4.8.1/../../../../avr/lib/avr5\libm.a(fp_pscA.o)
 .text          0x00000000        0x0 c:/program files (x86)/atmel/atmel toolchain/avr8 gcc/native/3.4.1056/avr8-gnu-toolchain/bin/../lib/gcc/avr/4.8.1/../../../../avr/lib/avr5\libm.a(fp_pscB.o)
 .bss           0x00000000        0x0 c:/program files (x86)/atmel/atmel toolchain/avr8 gcc/native/3.4.1056/avr8-gnu-toolchain/bin/../lib/gcc/avr/4.8.1/../../../../avr/lib/avr5\libm.a(fp_pscB.o)
 .text          0x00000000        0x0 c:/program files (x86)/atmel/atmel toolchain/avr8 gcc/native/3.4.1056/avr8-gnu-toolchain/bin/../lib/gcc/avr/4.8.1/../../../../avr/lib/avr5\libm.a(fp_round.o)
 .bss           0x00000000        0x0 c:/program files (x86)/atmel/atmel toolchain/avr8 gcc/native/3.4.1056/avr8-gnu-toolchain/bin/../lib/gcc/avr/4.8.1/../../../../avr/lib/avr5\libm.a(fp_round.o)
 .text          0x00000000        0x0 c:/program files (x86)/atmel/atmel toolchain/avr8 gcc/native/3.4.1056/avr8-gnu-toolchain/bin/../lib/gcc/avr/4.8.1/../../../../avr/lib/avr5\libm.a(fp_split3.o)
 .bss           0x00000000        0x0 c:/program files (x86)/atmel/atmel toolchain/avr8 gcc/native/3.4.1056/avr8-gnu-toolchain/bin/../lib/gcc/avr/4.8.1/../../../../avr/lib/avr5\libm.a(fp_split3.o)
 .text          0x00000000        0x0 c:/program files (x86)/atmel/atmel toolchain/avr8 gcc/native/3.4.1056/avr8-gnu-toolchain/bin/../lib/gcc/avr/4.8.1/../../../../avr/lib/avr5\libm.a(fp_zero.o)
 .bss           0x00000000        0x0 c:/program files (x86)/atmel/atmel toolchain/avr8 gcc/native/3.4.1056/avr8-gnu-toolchain/bin/../lib/gcc/avr/4.8.1/../../../../avr/lib/avr5\libm.a(fp_zero.o)
 .text          0x00000000        0x0 c:/program files (x86)/atmel/atmel toolchain/avr8 gcc/native/3.4.1056/avr8-gnu-toolchain/bin/../lib/gcc/avr/4.8.1/../../../../avr/lib/avr5\libm.a(gesf2.o)
 .bss           0x00000000        0x0 c:/program files (x86)/atmel/atmel toolchain/avr8 gcc/native/3.4.1056/avr8-gnu-toolchain/bin/../lib/gcc/avr/4.8.1/../../../../avr/lib/avr5\libm.a(gesf2.o)
 .text          0x00000000        0x0 c:/program files (x86)/atmel/atmel toolchain/avr8 gcc/native/3.4.1056/avr8-gnu-toolchain/bin/../lib/gcc/avr/4.8.1/../../../../avr/lib/avr5\libm.a(mulsf3.o)
 .bss           0x00000000        0x0 c:/program files (x86)/atmel/atmel toolchain/avr8 gcc/native/3.4.1056/avr8-gnu-toolchain/bin/../lib/gcc/avr/4.8.1/../../../../avr/lib/avr5\libm.a(mulsf3.o)
 .text          0x00000000        0x0 c:/program files (x86)/atmel/atmel toolchain/avr8 gcc/native/3.4.1056/avr8-gnu-toolchain/bin/../lib/gcc/avr/4.8.1/../../../../avr/lib/avr5\libm.a(mulsf3x.o)
 .bss           0x00000000        0x0 c:/program files (x86)/atmel/atmel toolchain/avr8 gcc/native/3.4.1056/avr8-gnu-toolchain/bin/../lib/gcc/avr/4.8.1/../../../../avr/lib/avr5\libm.a(mulsf3x.o)
 .text          0x00000000        0x0 c:/program files (x86)/atmel/atmel toolchain/avr8 gcc/native/3.4.1056/avr8-gnu-toolchain/bin/../lib/gcc/avr/4.8.1/avr5\libgcc.a(_udivmodsi4.o)
 .bss           0x00000000        0x0 c:/program files (x86)/atmel/atmel toolchain/avr8 gcc/native/3.4.1056/avr8-gnu-toolchain/bin/../lib/gcc/avr/4.8.1/avr5\libgcc.a(_udivmodsi4.o)
 .text.libgcc.mul
                0x00000000        0x0 c:/program files (x86)/atmel/atmel toolchain/avr8 gcc/native/3.4.1056/avr8-gnu-toolchain/bin/../lib/gcc/avr/4.8.1/avr5\libgcc.a(_udivmodsi4.o)
 .text.libgcc   0x00000000        0x0 c:/program files (x86)/atmel/atmel toolchain/avr8 gcc/native/3.4.1056/avr8-gnu-toolchain/bin/../lib/gcc/avr/4.8.1/avr5\libgcc.a(_udivmodsi4.o)
 .text.libgcc.prologue
                0x00000000        0x0 c:/program files (x86)/atmel/atmel toolchain/avr8 gcc/native/3.4.1056/avr8-gnu-toolchain/bin/../lib/gcc/avr/4.8.1/avr5\libgcc.a(_udivmodsi4.o)
 .text.libgcc.builtins
                0x00000000        0x0 c:/program files (x86)/atmel/atmel toolchain/avr8 gcc/native/3.4.1056/avr8-gnu-toolchain/bin/../lib/gcc/avr/4.8.1/avr5\libgcc.a(_udivmodsi4.o)
 .text.libgcc.fmul
                0x00000000        0x0 c:/program files (x86)/atmel/atmel toolchain/avr8 gcc/native/3.4.1056/avr8-gnu-toolchain/bin/../lib/gcc/avr/4.8.1/avr5\libgcc.a(_udivmodsi4.o)
 .text.libgcc.fixed
                0x00000000        0x0 c:/program files (x86)/atmel/atmel toolchain/avr8 gcc/native/3.4.1056/avr8-gnu-toolchain/bin/../lib/gcc/avr/4.8.1/avr5\libgcc.a(_udivmodsi4.o)
 .text          0x00000000        0x0 c:/program files (x86)/atmel/atmel toolchain/avr8 gcc/native/3.4.1056/avr8-gnu-toolchain/bin/../lib/gcc/avr/4.8.1/avr5\libgcc.a(_exit.o)
 .bss           0x00000000        0x0 c:/program files (x86)/atmel/atmel toolchain/avr8 gcc/native/3.4.1056/avr8-gnu-toolchain/bin/../lib/gcc/avr/4.8.1/avr5\libgcc.a(_exit.o)
 .text.libgcc.mul
                0x00000000        0x0 c:/program files (x86)/atmel/atmel toolchain/avr8 gcc/native/3.4.1056/avr8-gnu-toolchain/bin/../lib/gcc/avr/4.8.1/avr5\libgcc.a(_exit.o)
 .text.libgcc.div
                0x00000000        0x0 c:/program files (x86)/atmel/atmel toolchain/avr8 gcc/native/3.4.1056/avr8-gnu-toolchain/bin/../lib/gcc/avr/4.8.1/avr5\libgcc.a(_exit.o)
 .text.libgcc   0x00000000        0x0 c:/program files (x86)/atmel/atmel toolchain/avr8 gcc/native/3.4.1056/avr8-gnu-toolchain/bin/../lib/gcc/avr/4.8.1/avr5\libgcc.a(_exit.o)
 .text.libgcc.prologue
                0x00000000        0x0 c:/program files (x86)/atmel/atmel toolchain/avr8 gcc/native/3.4.1056/avr8-gnu-toolchain/bin/../lib/gcc/avr/4.8.1/avr5\libgcc.a(_exit.o)
 .text.libgcc.builtins
                0x00000000        0x0 c:/program files (x86)/atmel/atmel toolchain/avr8 gcc/native/3.4.1056/avr8-gnu-toolchain/bin/../lib/gcc/avr/4.8.1/avr5\libgcc.a(_exit.o)
 .text.libgcc.fmul
                0x00000000        0x0 c:/program files (x86)/atmel/atmel toolchain/avr8 gcc/native/3.4.1056/avr8-gnu-toolchain/bin/../lib/gcc/avr/4.8.1/avr5\libgcc.a(_exit.o)
 .text.libgcc.fixed
                0x00000000        0x0 c:/program files (x86)/atmel/atmel toolchain/avr8 gcc/native/3.4.1056/avr8-gnu-toolchain/bin/../lib/gcc/avr/4.8.1/avr5\libgcc.a(_exit.o)
 .text          0x00000000        0x0 c:/program files (x86)/atmel/atmel toolchain/avr8 gcc/native/3.4.1056/avr8-gnu-toolchain/bin/../lib/gcc/avr/4.8.1/avr5\libgcc.a(_copy_data.o)
 .bss           0x00000000        0x0 c:/program files (x86)/atmel/atmel toolchain/avr8 gcc/native/3.4.1056/avr8-gnu-toolchain/bin/../lib/gcc/avr/4.8.1/avr5\libgcc.a(_copy_data.o)
 .text.libgcc.mul
                0x00000000        0x0 c:/program files (x86)/atmel/atmel toolchain/avr8 gcc/native/3.4.1056/avr8-gnu-toolchain/bin/../lib/gcc/avr/4.8.1/avr5\libgcc.a(_copy_data.o)
 .text.libgcc.div
                0x00000000        0x0 c:/program files (x86)/atmel/atmel toolchain/avr8 gcc/native/3.4.1056/avr8-gnu-toolchain/bin/../lib/gcc/avr/4.8.1/avr5\libgcc.a(_copy_data.o)
 .text.libgcc   0x00000000        0x0 c:/program files (x86)/atmel/atmel toolchain/avr8 gcc/native/3.4.1056/avr8-gnu-toolchain/bin/../lib/gcc/avr/4.8.1/avr5\libgcc.a(_copy_data.o)
 .text.libgcc.prologue
                0x00000000        0x0 c:/program files (x86)/atmel/atmel toolchain/avr8 gcc/native/3.4.1056/avr8-gnu-toolchain/bin/../lib/gcc/avr/4.8.1/avr5\libgcc.a(_copy_data.o)
 .text.libgcc.builtins
                0x00000000        0x0 c:/program files (x86)/atmel/atmel toolchain/avr8 gcc/native/3.4.1056/avr8-gnu-toolchain/bin/../lib/gcc/avr/4.8.1/avr5\libgcc.a(_copy_data.o)
 .text.libgcc.fmul
                0x00000000        0x0 c:/program files (x86)/atmel/atmel toolchain/avr8 gcc/native/3.4.1056/avr8-gnu-toolchain/bin/../lib/gcc/avr/4.8.1/avr5\libgcc.a(_copy_data.o)
 .text.libgcc.fixed
                0x00000000        0x0 c:/program files (x86)/atmel/atmel toolchain/avr8 gcc/native/3.4.1056/avr8-gnu-toolchain/bin/../lib/gcc/avr/4.8.1/avr5\libgcc.a(_copy_data.o)
 .text          0x00000000        0x0 c:/program files (x86)/atmel/atmel toolchain/avr8 gcc/native/3.4.1056/avr8-gnu-toolchain/bin/../lib/gcc/avr/4.8.1/avr5\libgcc.a(_clear_bss.o)
 .bss           0x00000000        0x0 c:/program files (x86)/atmel/atmel toolchain/avr8 gcc/native/3.4.1056/avr8-gnu-toolchain/bin/../lib/gcc/avr/4.8.1/avr5\libgcc.a(_clear_bss.o)
 .text.libgcc.mul
                0x00000000        0x0 c:/program files (x86)/atmel/atmel toolchain/avr8 gcc/native/3.4.1056/avr8-gnu-toolchain/bin/../lib/gcc/avr/4.8.1/avr5\libgcc.a(_clear_bss.o)
 .text.libgcc.div
                0x00000000        0x0 c:/program files (x86)/atmel/atmel toolchain/avr8 gcc/native/3.4.1056/avr8-gnu-toolchain/bin/../lib/gcc/avr/4.8.1/avr5\libgcc.a(_clear_bss.o)
 .text.libgcc   0x00000000        0x0 c:/program files (x86)/atmel/atmel toolchain/avr8 gcc/native/3.4.1056/avr8-gnu-toolchain/bin/../lib/gcc/avr/4.8.1/avr5\libgcc.a(_clear_bss.o)
 .text.libgcc.prologue
                0x00000000        0x0 c:/program files (x86)/atmel/atmel toolchain/avr8 gcc/native/3.4.1056/avr8-gnu-toolchain/bin/../lib/gcc/avr/4.8.1/avr5\libgcc.a(_clear_bss.o)
 .text.libgcc.builtins
                0x00000000        0x0 c:/program files (x86)/atmel/atmel toolchain/avr8 gcc/native/3.4.1056/avr8-gnu-toolchain/bin/../lib/gcc/avr/4.8.1/avr5\libgcc.a(_clear_bss.o)
 .text.libgcc.fmul
                0x00000000        0x0 c:/program files (x86)/atmel/atmel toolchain/avr8 gcc/native/3.4.1056/avr8-gnu-toolchain/bin/../lib/gcc/avr/4.8.1/avr5\libgcc.a(_clear_bss.o)
 .text.libgcc.fixed
                0x00000000        0x0 c:/program files (x86)/atmel/atmel toolchain/avr8 gcc/native/3.4.1056/avr8-gnu-toolchain/bin/../lib/gcc/avr/4.8.1/avr5\libgcc.a(_clear_bss.o)

Memory Configuration

Name             Origin             Length             Attributes
text             0x00000000         0x00020000         xr
data             0x00800060         0x0000ffa0         rw !x
eeprom           0x00810000         0x00010000         rw !x
fuse             0x00820000         0x00000400         rw !x
lock             0x00830000         0x00000400         rw !x
signature        0x00840000         0x00000400         rw !x
user_signatures  0x00850000         0x00000400         rw !x
*default*        0x00000000         0xffffffff

Linker script and memory map

LOAD c:/program files (x86)/atmel/atmel toolchain/avr8 gcc/native/3.4.1056/avr8-gnu-toolchain/bin/../lib/gcc/avr/4.8.1/../../../../avr/lib/avr5/crtm32.o
LOAD ADC.o
LOAD LED.o
LOAD main.o
LOAD moteur.o
LOAD PWM.o
LOAD UART.o
LOAD uCOS_II/os_core.o
LOAD uCOS_II/os_cpu_c.o
LOAD uCOS_II/os_flag.o
LOAD uCOS_II/os_mbox.o
LOAD uCOS_II/os_mem.o
LOAD uCOS_II/os_mutex.o
LOAD uCOS_II/os_q.o
LOAD uCOS_II/os_sem.o
LOAD uCOS_II/os_task.o
LOAD uCOS_II/os_time.o
LOAD uCOS_II/ucos_ii.o
START GROUP
LOAD c:/program files (x86)/atmel/atmel toolchain/avr8 gcc/native/3.4.1056/avr8-gnu-toolchain/bin/../lib/gcc/avr/4.8.1/../../../../avr/lib/avr5\libm.a
END GROUP
START GROUP
LOAD c:/program files (x86)/atmel/atmel toolchain/avr8 gcc/native/3.4.1056/avr8-gnu-toolchain/bin/../lib/gcc/avr/4.8.1/avr5\libgcc.a
LOAD c:/program files (x86)/atmel/atmel toolchain/avr8 gcc/native/3.4.1056/avr8-gnu-toolchain/bin/../lib/gcc/avr/4.8.1/../../../../avr/lib/avr5\libm.a
LOAD c:/program files (x86)/atmel/atmel toolchain/avr8 gcc/native/3.4.1056/avr8-gnu-toolchain/bin/../lib/gcc/avr/4.8.1/../../../../avr/lib/avr5\libc.a
END GROUP

.hash
 *(.hash)

.dynsym
 *(.dynsym)

.dynstr
 *(.dynstr)

.gnu.version
 *(.gnu.version)

.gnu.version_d
 *(.gnu.version_d)

.gnu.version_r
 *(.gnu.version_r)

.rel.init
 *(.rel.init)

.rela.init
 *(.rela.init)

.rel.text
 *(.rel.text)
 *(.rel.text.*)
 *(.rel.gnu.linkonce.t*)

.rela.text
 *(.rela.text)
 *(.rela.text.*)
 *(.rela.gnu.linkonce.t*)

.rel.fini
 *(.rel.fini)

.rela.fini
 *(.rela.fini)

.rel.rodata
 *(.rel.rodata)
 *(.rel.rodata.*)
 *(.rel.gnu.linkonce.r*)

.rela.rodata
 *(.rela.rodata)
 *(.rela.rodata.*)
 *(.rela.gnu.linkonce.r*)

.rel.data
 *(.rel.data)
 *(.rel.data.*)
 *(.rel.gnu.linkonce.d*)

.rela.data
 *(.rela.data)
 *(.rela.data.*)
 *(.rela.gnu.linkonce.d*)

.rel.ctors
 *(.rel.ctors)

.rela.ctors
 *(.rela.ctors)

.rel.dtors
 *(.rel.dtors)

.rela.dtors
 *(.rela.dtors)

.rel.got
 *(.rel.got)

.rela.got
 *(.rela.got)

.rel.bss
 *(.rel.bss)

.rela.bss
 *(.rela.bss)

.rel.plt
 *(.rel.plt)

.rela.plt
 *(.rela.plt)

.text           0x00000000     0x2596
 *(.vectors)
 .vectors       0x00000000       0x54 c:/program files (x86)/atmel/atmel toolchain/avr8 gcc/native/3.4.1056/avr8-gnu-toolchain/bin/../lib/gcc/avr/4.8.1/../../../../avr/lib/avr5/crtm32.o
                0x00000000                __vector_default
                0x00000000                __vectors
 *(.vectors)
 *(.progmem.gcc*)
                0x00000054                . = ALIGN (0x2)
                0x00000054                __trampolines_start = .
 *(.trampolines)
 .trampolines   0x00000054        0x0 linker stubs
 *(.trampolines*)
                0x00000054                __trampolines_end = .
 *(.progmem*)
                0x00000054                . = ALIGN (0x2)
 *(.jumptables)
 *(.jumptables*)
 *(.lowtext)
 *(.lowtext*)
                0x00000054                __ctors_start = .
 *(.ctors)
                0x00000054                __ctors_end = .
                0x00000054                __dtors_start = .
 *(.dtors)
                0x00000054                __dtors_end = .
 SORT(*)(.ctors)
 SORT(*)(.dtors)
 *(.init0)
 .init0         0x00000054        0x0 c:/program files (x86)/atmel/atmel toolchain/avr8 gcc/native/3.4.1056/avr8-gnu-toolchain/bin/../lib/gcc/avr/4.8.1/../../../../avr/lib/avr5/crtm32.o
                0x00000054                __init
 *(.init0)
 *(.init1)
 *(.init1)
 *(.init2)
 .init2         0x00000054        0xc c:/program files (x86)/atmel/atmel toolchain/avr8 gcc/native/3.4.1056/avr8-gnu-toolchain/bin/../lib/gcc/avr/4.8.1/../../../../avr/lib/avr5/crtm32.o
 *(.init2)
 *(.init3)
 *(.init3)
 *(.init4)
 .init4         0x00000060       0x16 c:/program files (x86)/atmel/atmel toolchain/avr8 gcc/native/3.4.1056/avr8-gnu-toolchain/bin/../lib/gcc/avr/4.8.1/avr5\libgcc.a(_copy_data.o)
                0x00000060                __do_copy_data
 .init4         0x00000076       0x10 c:/program files (x86)/atmel/atmel toolchain/avr8 gcc/native/3.4.1056/avr8-gnu-toolchain/bin/../lib/gcc/avr/4.8.1/avr5\libgcc.a(_clear_bss.o)
                0x00000076                __do_clear_bss
 *(.init4)
 *(.init5)
 *(.init5)
 *(.init6)
 *(.init6)
 *(.init7)
 *(.init7)
 *(.init8)
 *(.init8)
 *(.init9)
 .init9         0x00000086        0x8 c:/program files (x86)/atmel/atmel toolchain/avr8 gcc/native/3.4.1056/avr8-gnu-toolchain/bin/../lib/gcc/avr/4.8.1/../../../../avr/lib/avr5/crtm32.o
 *(.init9)
 *(.text)
 .text          0x0000008e        0x4 c:/program files (x86)/atmel/atmel toolchain/avr8 gcc/native/3.4.1056/avr8-gnu-toolchain/bin/../lib/gcc/avr/4.8.1/../../../../avr/lib/avr5/crtm32.o
                0x0000008e                __vector_1
                0x0000008e                __vector_12
                0x0000008e                __bad_interrupt
                0x0000008e                __vector_6
                0x0000008e                __vector_3
                0x0000008e                __vector_11
                0x0000008e                __vector_17
                0x0000008e                __vector_19
                0x0000008e                __vector_7
                0x0000008e                __vector_5
                0x0000008e                __vector_2
                0x0000008e                __vector_8
                0x0000008e                __vector_14
                0x0000008e                __vector_10
                0x0000008e                __vector_18
                0x0000008e                __vector_20
                0x00000092                . = ALIGN (0x2)
 *(.text.*)
 .text.__vector_16
                0x00000092      0x1a2 ADC.o
                0x00000092                __vector_16
 .text.DIR_bit_ON
                0x00000234       0x1a ADC.o
                0x00000234                DIR_bit_ON
 .text.DIR_bit_OFF
                0x0000024e       0x18 ADC.o
                0x0000024e                DIR_bit_OFF
 .text.initADC  0x00000266       0x16 ADC.o
                0x00000266                initADC
 .text.resetADC
                0x0000027c       0x46 ADC.o
                0x0000027c                resetADC
 .text.motor_calibration
                0x000002c2      0x2ca ADC.o
                0x000002c2                motor_calibration
 .text.getADCmeanValues
                0x0000058c      0x232 ADC.o
                0x0000058c                getADCmeanValues
 .text.initLED  0x000007be        0x8 LED.o
                0x000007be                initLED
 .text.updateLED
                0x000007c6        0x6 LED.o
                0x000007c6                updateLED
 .text.task_SystemStop
                0x000007cc       0x14 main.o
 .text.task_SystemStart
                0x000007e0        0xc main.o
 .text.task_StatusDisplay
                0x000007ec       0x34 main.o
 .text.task_MotorControl
                0x00000820      0x1ca main.o
 .text.main     0x000009ea       0xf8 main.o
                0x000009ea                main
 .text.CalculPWM
                0x00000ae2      0x624 moteur.o
                0x00000ae2                CalculPWM
 .text.__vector_9
                0x00001106       0xfa PWM.o
                0x00001106                __vector_9
 .text.initTIMER
                0x00001200       0x1a PWM.o
                0x00001200                initTIMER
 .text.__vector_15
                0x0000121a       0xfa UART.o
                0x0000121a                __vector_15
 .text.__vector_13
                0x00001314      0x106 UART.o
                0x00001314                __vector_13
 .text.initUART
                0x0000141a       0x22 UART.o
                0x0000141a                initUART
 .text.OS_TaskIdle
                0x0000143c       0x3a uCOS_II/os_core.o
                0x0000143c                OS_TaskIdle
 .text.OSInit   0x00001476      0x15a uCOS_II/os_core.o
                0x00001476                OSInit
 .text.OSIntExit
                0x000015d0       0xac uCOS_II/os_core.o
                0x000015d0                OSIntExit
 .text.OSStart  0x0000167c       0x5a uCOS_II/os_core.o
                0x0000167c                OSStart
 .text.OSTimeTick
                0x000016d6       0x74 uCOS_II/os_core.o
                0x000016d6                OSTimeTick
 .text.OS_EventTaskRdy
                0x0000174a       0xaa uCOS_II/os_core.o
                0x0000174a                OS_EventTaskRdy
 .text.OS_EventTaskWait
                0x000017f4       0x5e uCOS_II/os_core.o
                0x000017f4                OS_EventTaskWait
 .text.OS_EventTO
                0x00001852       0x40 uCOS_II/os_core.o
                0x00001852                OS_EventTO
 .text.OS_EventWaitListInit
                0x00001892        0xa uCOS_II/os_core.o
                0x00001892                OS_EventWaitListInit
 .text.OS_Sched
                0x0000189c       0x94 uCOS_II/os_core.o
                0x0000189c                OS_Sched
 .text.OS_TCBInit
                0x00001930       0xe2 uCOS_II/os_core.o
                0x00001930                OS_TCBInit
 .text.OSTaskStkInit
                0x00001a12       0x94 uCOS_II/os_cpu_c.o
                0x00001a12                OSTaskStkInit
 .text.OSStartHighRdy
                0x00001aa6       0x60 uCOS_II/os_cpu_c.o
                0x00001aa6                OSStartHighRdy
 .text.OSCtxSw  0x00001b06       0xba uCOS_II/os_cpu_c.o
                0x00001b06                OSCtxSw
 .text.OSIntCtxSw
                0x00001bc0       0x78 uCOS_II/os_cpu_c.o
                0x00001bc0                OSIntCtxSw
 .text.__vector_4
                0x00001c38       0xf2 uCOS_II/os_cpu_c.o
                0x00001c38                __vector_4
 .text.OSInitHookBegin
                0x00001d2a        0x2 uCOS_II/os_cpu_c.o
                0x00001d2a                OSInitHookBegin
 .text.OSInitHookEnd
                0x00001d2c        0x2 uCOS_II/os_cpu_c.o
                0x00001d2c                OSInitHookEnd
 .text.OSTaskCreateHook
                0x00001d2e        0x2 uCOS_II/os_cpu_c.o
                0x00001d2e                OSTaskCreateHook
 .text.OSTaskIdleHook
                0x00001d30        0x2 uCOS_II/os_cpu_c.o
                0x00001d30                OSTaskIdleHook
 .text.OSTCBInitHook
                0x00001d32        0x2 uCOS_II/os_cpu_c.o
                0x00001d32                OSTCBInitHook
 .text.OSTimeTickHook
                0x00001d34        0x2 uCOS_II/os_cpu_c.o
                0x00001d34                OSTimeTickHook
 .text.OS_FlagInit
                0x00001d36       0x5a uCOS_II/os_flag.o
                0x00001d36                OS_FlagInit
 .text.OSMboxPost
                0x00001d90       0x54 uCOS_II/os_mbox.o
                0x00001d90                OSMboxPost
 .text.OSQCreate
                0x00001de4       0xc8 uCOS_II/os_q.o
                0x00001de4                OSQCreate
 .text.OS_QInit
                0x00001eac       0x24 uCOS_II/os_q.o
                0x00001eac                OS_QInit
 .text.OSSemCreate
                0x00001ed0       0x5e uCOS_II/os_sem.o
                0x00001ed0                OSSemCreate
 .text.OSSemPend
                0x00001f2e       0xb0 uCOS_II/os_sem.o
                0x00001f2e                OSSemPend
 .text.OSSemPost
                0x00001fde       0x60 uCOS_II/os_sem.o
                0x00001fde                OSSemPost
 .text.OSTaskCreate
                0x0000203e       0xe4 uCOS_II/os_task.o
                0x0000203e                OSTaskCreate
 .text.avr-libc.fplib
                0x00002122        0xa c:/program files (x86)/atmel/atmel toolchain/avr8 gcc/native/3.4.1056/avr8-gnu-toolchain/bin/../lib/gcc/avr/4.8.1/../../../../avr/lib/avr5\libm.a(addsf3.o)
                0x00002122                __subsf3
                0x00002124                __addsf3
 .text.avr-libc.fplib
                0x0000212c       0xc0 c:/program files (x86)/atmel/atmel toolchain/avr8 gcc/native/3.4.1056/avr8-gnu-toolchain/bin/../lib/gcc/avr/4.8.1/../../../../avr/lib/avr5\libm.a(addsf3x.o)
                0x00002146                __addsf3x
 .text.avr-libc.fplib
                0x000021ec        0x8 c:/program files (x86)/atmel/atmel toolchain/avr8 gcc/native/3.4.1056/avr8-gnu-toolchain/bin/../lib/gcc/avr/4.8.1/../../../../avr/lib/avr5\libm.a(cmpsf2.o)
                0x000021ec                __nesf2
                0x000021ec                __eqsf2
                0x000021ec                __cmpsf2
                0x000021ec                __ltsf2
                0x000021ec                __lesf2
 .text.avr-libc.fplib
                0x000021f4        0x4 c:/program files (x86)/atmel/atmel toolchain/avr8 gcc/native/3.4.1056/avr8-gnu-toolchain/bin/../lib/gcc/avr/4.8.1/../../../../avr/lib/avr5\libm.a(divsf3.o)
                0x000021f4                __divsf3
 .text.avr-libc.fplib
                0x000021f8       0xcc c:/program files (x86)/atmel/atmel toolchain/avr8 gcc/native/3.4.1056/avr8-gnu-toolchain/bin/../lib/gcc/avr/4.8.1/../../../../avr/lib/avr5\libm.a(divsf3x.o)
                0x0000220e                __divsf3x
                0x00002212                __divsf3_pse
 .text.avr-libc.fplib
                0x000022c4       0x58 c:/program files (x86)/atmel/atmel toolchain/avr8 gcc/native/3.4.1056/avr8-gnu-toolchain/bin/../lib/gcc/avr/4.8.1/../../../../avr/lib/avr5\libm.a(fixunssfsi.o)
                0x000022c4                __fixunssfsi
 .text.avr-libc.fplib
                0x0000231c       0x7a c:/program files (x86)/atmel/atmel toolchain/avr8 gcc/native/3.4.1056/avr8-gnu-toolchain/bin/../lib/gcc/avr/4.8.1/../../../../avr/lib/avr5\libm.a(floatsisf.o)
                0x0000231c                __floatunsisf
                0x00002320                __floatsisf
 .text.avr-libc.fplib
                0x00002396       0x48 c:/program files (x86)/atmel/atmel toolchain/avr8 gcc/native/3.4.1056/avr8-gnu-toolchain/bin/../lib/gcc/avr/4.8.1/../../../../avr/lib/avr5\libm.a(fp_cmp.o)
                0x00002396                __fp_cmp
 .text.avr-libc.fplib
                0x000023de        0xc c:/program files (x86)/atmel/atmel toolchain/avr8 gcc/native/3.4.1056/avr8-gnu-toolchain/bin/../lib/gcc/avr/4.8.1/../../../../avr/lib/avr5\libm.a(fp_inf.o)
                0x000023de                __fp_inf
 .text.avr-libc.fplib
                0x000023ea        0x6 c:/program files (x86)/atmel/atmel toolchain/avr8 gcc/native/3.4.1056/avr8-gnu-toolchain/bin/../lib/gcc/avr/4.8.1/../../../../avr/lib/avr5\libm.a(fp_nan.o)
                0x000023ea                __fp_nan
 .text.avr-libc.fplib
                0x000023f0        0xe c:/program files (x86)/atmel/atmel toolchain/avr8 gcc/native/3.4.1056/avr8-gnu-toolchain/bin/../lib/gcc/avr/4.8.1/../../../../avr/lib/avr5\libm.a(fp_pscA.o)
                0x000023f0                __fp_pscA
 .text.avr-libc.fplib
                0x000023fe        0xe c:/program files (x86)/atmel/atmel toolchain/avr8 gcc/native/3.4.1056/avr8-gnu-toolchain/bin/../lib/gcc/avr/4.8.1/../../../../avr/lib/avr5\libm.a(fp_pscB.o)
                0x000023fe                __fp_pscB
 .text.avr-libc.fplib
                0x0000240c       0x22 c:/program files (x86)/atmel/atmel toolchain/avr8 gcc/native/3.4.1056/avr8-gnu-toolchain/bin/../lib/gcc/avr/4.8.1/../../../../avr/lib/avr5\libm.a(fp_round.o)
                0x0000240c                __fp_round
 .text.avr-libc.fplib
                0x0000242e       0x44 c:/program files (x86)/atmel/atmel toolchain/avr8 gcc/native/3.4.1056/avr8-gnu-toolchain/bin/../lib/gcc/avr/4.8.1/../../../../avr/lib/avr5\libm.a(fp_split3.o)
                0x0000242e                __fp_split3
                0x0000243e                __fp_splitA
 .text.avr-libc.fplib
                0x00002472        0xe c:/program files (x86)/atmel/atmel toolchain/avr8 gcc/native/3.4.1056/avr8-gnu-toolchain/bin/../lib/gcc/avr/4.8.1/../../../../avr/lib/avr5\libm.a(fp_zero.o)
                0x00002472                __fp_zero
                0x00002474                __fp_szero
 .text.avr-libc.fplib
                0x00002480        0x8 c:/program files (x86)/atmel/atmel toolchain/avr8 gcc/native/3.4.1056/avr8-gnu-toolchain/bin/../lib/gcc/avr/4.8.1/../../../../avr/lib/avr5\libm.a(gesf2.o)
                0x00002480                __gesf2
                0x00002480                __gtsf2
 .text.avr-libc.fplib
                0x00002488        0x4 c:/program files (x86)/atmel/atmel toolchain/avr8 gcc/native/3.4.1056/avr8-gnu-toolchain/bin/../lib/gcc/avr/4.8.1/../../../../avr/lib/avr5\libm.a(mulsf3.o)
                0x00002488                __mulsf3
 .text.avr-libc.fplib
                0x0000248c       0xc2 c:/program files (x86)/atmel/atmel toolchain/avr8 gcc/native/3.4.1056/avr8-gnu-toolchain/bin/../lib/gcc/avr/4.8.1/../../../../avr/lib/avr5\libm.a(mulsf3x.o)
                0x000024a0                __mulsf3x
                0x000024a4                __mulsf3_pse
 .text.libgcc.div
                0x0000254e       0x44 c:/program files (x86)/atmel/atmel toolchain/avr8 gcc/native/3.4.1056/avr8-gnu-toolchain/bin/../lib/gcc/avr/4.8.1/avr5\libgcc.a(_udivmodsi4.o)
                0x0000254e                __udivmodsi4
                0x00002592                . = ALIGN (0x2)
 *(.fini9)
 .fini9         0x00002592        0x0 c:/program files (x86)/atmel/atmel toolchain/avr8 gcc/native/3.4.1056/avr8-gnu-toolchain/bin/../lib/gcc/avr/4.8.1/avr5\libgcc.a(_exit.o)
                0x00002592                _exit
                0x00002592                exit
 *(.fini9)
 *(.fini8)
 *(.fini8)
 *(.fini7)
 *(.fini7)
 *(.fini6)
 *(.fini6)
 *(.fini5)
 *(.fini5)
 *(.fini4)
 *(.fini4)
 *(.fini3)
 *(.fini3)
 *(.fini2)
 *(.fini2)
 *(.fini1)
 *(.fini1)
 *(.fini0)
 .fini0         0x00002592        0x4 c:/program files (x86)/atmel/atmel toolchain/avr8 gcc/native/3.4.1056/avr8-gnu-toolchain/bin/../lib/gcc/avr/4.8.1/avr5\libgcc.a(_exit.o)
 *(.fini0)
                0x00002596                _etext = .

.data           0x00800060      0x112 load address 0x00002596
                0x00800060                PROVIDE (__data_start, .)
 *(.data)
 .data          0x00800060        0x0 c:/program files (x86)/atmel/atmel toolchain/avr8 gcc/native/3.4.1056/avr8-gnu-toolchain/bin/../lib/gcc/avr/4.8.1/../../../../avr/lib/avr5/crtm32.o
 .data          0x00800060        0x0 ADC.o
 .data          0x00800060        0x0 LED.o
 .data          0x00800060        0x0 main.o
 .data          0x00800060        0x0 moteur.o
 .data          0x00800060        0x0 PWM.o
 .data          0x00800060        0x0 UART.o
 .data          0x00800060        0x0 uCOS_II/os_core.o
 .data          0x00800060        0x0 uCOS_II/os_cpu_c.o
 .data          0x00800060        0x0 uCOS_II/os_flag.o
 .data          0x00800060        0x0 uCOS_II/os_mbox.o
 .data          0x00800060        0x0 uCOS_II/os_mem.o
 .data          0x00800060        0x0 uCOS_II/os_mutex.o
 .data          0x00800060        0x0 uCOS_II/os_q.o
 .data          0x00800060        0x0 uCOS_II/os_sem.o
 .data          0x00800060        0x0 uCOS_II/os_task.o
 .data          0x00800060        0x0 uCOS_II/os_time.o
 .data          0x00800060        0x0 uCOS_II/ucos_ii.o
 .data          0x00800060        0x0 c:/program files (x86)/atmel/atmel toolchain/avr8 gcc/native/3.4.1056/avr8-gnu-toolchain/bin/../lib/gcc/avr/4.8.1/../../../../avr/lib/avr5\libm.a(addsf3.o)
 .data          0x00800060        0x0 c:/program files (x86)/atmel/atmel toolchain/avr8 gcc/native/3.4.1056/avr8-gnu-toolchain/bin/../lib/gcc/avr/4.8.1/../../../../avr/lib/avr5\libm.a(addsf3x.o)
 .data          0x00800060        0x0 c:/program files (x86)/atmel/atmel toolchain/avr8 gcc/native/3.4.1056/avr8-gnu-toolchain/bin/../lib/gcc/avr/4.8.1/../../../../avr/lib/avr5\libm.a(cmpsf2.o)
 .data          0x00800060        0x0 c:/program files (x86)/atmel/atmel toolchain/avr8 gcc/native/3.4.1056/avr8-gnu-toolchain/bin/../lib/gcc/avr/4.8.1/../../../../avr/lib/avr5\libm.a(divsf3.o)
 .data          0x00800060        0x0 c:/program files (x86)/atmel/atmel toolchain/avr8 gcc/native/3.4.1056/avr8-gnu-toolchain/bin/../lib/gcc/avr/4.8.1/../../../../avr/lib/avr5\libm.a(divsf3x.o)
 .data          0x00800060        0x0 c:/program files (x86)/atmel/atmel toolchain/avr8 gcc/native/3.4.1056/avr8-gnu-toolchain/bin/../lib/gcc/avr/4.8.1/../../../../avr/lib/avr5\libm.a(fixunssfsi.o)
 .data          0x00800060        0x0 c:/program files (x86)/atmel/atmel toolchain/avr8 gcc/native/3.4.1056/avr8-gnu-toolchain/bin/../lib/gcc/avr/4.8.1/../../../../avr/lib/avr5\libm.a(floatsisf.o)
 .data          0x00800060        0x0 c:/program files (x86)/atmel/atmel toolchain/avr8 gcc/native/3.4.1056/avr8-gnu-toolchain/bin/../lib/gcc/avr/4.8.1/../../../../avr/lib/avr5\libm.a(fp_cmp.o)
 .data          0x00800060        0x0 c:/program files (x86)/atmel/atmel toolchain/avr8 gcc/native/3.4.1056/avr8-gnu-toolchain/bin/../lib/gcc/avr/4.8.1/../../../../avr/lib/avr5\libm.a(fp_inf.o)
 .data          0x00800060        0x0 c:/program files (x86)/atmel/atmel toolchain/avr8 gcc/native/3.4.1056/avr8-gnu-toolchain/bin/../lib/gcc/avr/4.8.1/../../../../avr/lib/avr5\libm.a(fp_nan.o)
 .data          0x00800060        0x0 c:/program files (x86)/atmel/atmel toolchain/avr8 gcc/native/3.4.1056/avr8-gnu-toolchain/bin/../lib/gcc/avr/4.8.1/../../../../avr/lib/avr5\libm.a(fp_pscA.o)
 .data          0x00800060        0x0 c:/program files (x86)/atmel/atmel toolchain/avr8 gcc/native/3.4.1056/avr8-gnu-toolchain/bin/../lib/gcc/avr/4.8.1/../../../../avr/lib/avr5\libm.a(fp_pscB.o)
 .data          0x00800060        0x0 c:/program files (x86)/atmel/atmel toolchain/avr8 gcc/native/3.4.1056/avr8-gnu-toolchain/bin/../lib/gcc/avr/4.8.1/../../../../avr/lib/avr5\libm.a(fp_round.o)
 .data          0x00800060        0x0 c:/program files (x86)/atmel/atmel toolchain/avr8 gcc/native/3.4.1056/avr8-gnu-toolchain/bin/../lib/gcc/avr/4.8.1/../../../../avr/lib/avr5\libm.a(fp_split3.o)
 .data          0x00800060        0x0 c:/program files (x86)/atmel/atmel toolchain/avr8 gcc/native/3.4.1056/avr8-gnu-toolchain/bin/../lib/gcc/avr/4.8.1/../../../../avr/lib/avr5\libm.a(fp_zero.o)
 .data          0x00800060        0x0 c:/program files (x86)/atmel/atmel toolchain/avr8 gcc/native/3.4.1056/avr8-gnu-toolchain/bin/../lib/gcc/avr/4.8.1/../../../../avr/lib/avr5\libm.a(gesf2.o)
 .data          0x00800060        0x0 c:/program files (x86)/atmel/atmel toolchain/avr8 gcc/native/3.4.1056/avr8-gnu-toolchain/bin/../lib/gcc/avr/4.8.1/../../../../avr/lib/avr5\libm.a(mulsf3.o)
 .data          0x00800060        0x0 c:/program files (x86)/atmel/atmel toolchain/avr8 gcc/native/3.4.1056/avr8-gnu-toolchain/bin/../lib/gcc/avr/4.8.1/../../../../avr/lib/avr5\libm.a(mulsf3x.o)
 .data          0x00800060        0x0 c:/program files (x86)/atmel/atmel toolchain/avr8 gcc/native/3.4.1056/avr8-gnu-toolchain/bin/../lib/gcc/avr/4.8.1/avr5\libgcc.a(_udivmodsi4.o)
 .data          0x00800060        0x0 c:/program files (x86)/atmel/atmel toolchain/avr8 gcc/native/3.4.1056/avr8-gnu-toolchain/bin/../lib/gcc/avr/4.8.1/avr5\libgcc.a(_exit.o)
 .data          0x00800060        0x0 c:/program files (x86)/atmel/atmel toolchain/avr8 gcc/native/3.4.1056/avr8-gnu-toolchain/bin/../lib/gcc/avr/4.8.1/avr5\libgcc.a(_copy_data.o)
 .data          0x00800060        0x0 c:/program files (x86)/atmel/atmel toolchain/avr8 gcc/native/3.4.1056/avr8-gnu-toolchain/bin/../lib/gcc/avr/4.8.1/avr5\libgcc.a(_clear_bss.o)
 *(.data*)
 .data.LEFT_Vmax_neg
                0x00800060        0x2 ADC.o
                0x00800060                LEFT_Vmax_neg
 .data.LEFT_Vmax_pos
                0x00800062        0x2 ADC.o
                0x00800062                LEFT_Vmax_pos
 .data.RIGHT_Vmax_neg
                0x00800064        0x2 ADC.o
                0x00800064                RIGHT_Vmax_neg
 .data.RIGHT_Vmax_pos
                0x00800066        0x2 ADC.o
                0x00800066                RIGHT_Vmax_pos
 .data.LEDstatus
                0x00800068        0x1 main.o
                0x00800068                LEDstatus
 *(.rodata)
 *(.rodata*)
 .rodata.OSUnMapTbl
                0x00800069      0x100 uCOS_II/os_core.o
                0x00800069                OSUnMapTbl
 .rodata.OSMapTbl
                0x00800169        0x8 uCOS_II/os_core.o
                0x00800169                OSMapTbl
 *(.gnu.linkonce.d*)
                0x00800172                . = ALIGN (0x2)
 *fill*         0x00800171        0x1 
                0x00800172                _edata = .
                0x00800172                PROVIDE (__data_end, .)

.bss            0x00800172      0x4ff
                0x00800172                PROVIDE (__bss_start, .)
 *(.bss)
 *(.bss*)
 .bss.LEFT_Vzero_neg
                0x00800172        0x2 ADC.o
                0x00800172                LEFT_Vzero_neg
 .bss.LEFT_Vzero_pos
                0x00800174        0x2 ADC.o
                0x00800174                LEFT_Vzero_pos
 .bss.RIGHT_Vzero_neg
                0x00800176        0x2 ADC.o
                0x00800176                RIGHT_Vzero_neg
 .bss.RIGHT_Vzero_pos
                0x00800178        0x2 ADC.o
                0x00800178                RIGHT_Vzero_pos
 .bss.RIGHT_ADCvalue
                0x0080017a        0x4 ADC.o
 .bss.RIGHT_counter
                0x0080017e        0x4 ADC.o
 .bss.LEFT_ADCvalue
                0x00800182        0x4 ADC.o
 .bss.LEFT_counter
                0x00800186        0x4 ADC.o
 .bss.LEFT_pwm  0x0080018a        0x4 main.o
                0x0080018a                LEFT_pwm
 .bss.RIGHT_pwm
                0x0080018e        0x4 main.o
                0x0080018e                RIGHT_pwm
 .bss.LEFT_ADCmean
                0x00800192        0x4 main.o
                0x00800192                LEFT_ADCmean
 .bss.RIGHT_ADCmean
                0x00800196        0x4 main.o
                0x00800196                RIGHT_ADCmean
 .bss.angle     0x0080019a        0x4 main.o
                0x0080019a                angle
 .bss.speed     0x0080019e        0x4 main.o
                0x0080019e                speed
 .bss.Signe_Ut.1452
                0x008001a2        0x2 moteur.o
 .bss.Signe_Ua.1451
                0x008001a4        0x2 moteur.o
 .bss.Ua.1450   0x008001a6        0x4 moteur.o
 .bss.Ut.1449   0x008001aa        0x4 moteur.o
 .bss.ErreurAngle.1445
                0x008001ae        0x4 moteur.o
 .bss.Angle.1444
                0x008001b2        0x4 moteur.o
 .bss.Vt.1448   0x008001b6        0x4 moteur.o
 .bss.Old_W.1447
                0x008001ba        0x4 moteur.o
 .bss.W.1446    0x008001be        0x4 moteur.o
 .bss.tpRx      0x008001c2        0x1 UART.o
                0x008001c2                tpRx
 *(COMMON)
 COMMON         0x008001c3      0x272 main.o
                0x008001c3                sem_SystemOFF
                0x008001c5                sem_SystemON
                0x008001c7                Start_Stk
                0x0080022b                sem_StatusChanged
                0x0080022d                Stop_Stk
                0x00800291                SendDbg_Stk
                0x008002f5                DebugMessage
                0x00800309                Disp_Stk
                0x0080036d                MotorCtl_Stk
                0x008003d1                Cmd_Stk
 COMMON         0x00800435        0x2 PWM.o
                0x00800435                sem_PWMtick
 COMMON         0x00800437        0x8 UART.o
                0x00800437                UARTRxBox
                0x00800439                sem_UARTTx
                0x0080043b                sem_UARTEcho
                0x0080043d                DebugMessageQ
 COMMON         0x0080043f      0x232 uCOS_II/os_core.o
                0x0080043f                OSLockNesting
                0x00800440                OSRunning
                0x00800441                OSIdleCtr
                0x00800445                OSPrioHighRdy
                0x00800446                OSFlagTbl
                0x0080045a                OSPrioCur
                0x0080045b                OSTCBList
                0x0080045d                OSCtxSwCtr
                0x00800461                OSTCBFreeList
                0x00800463                OSTaskCtr
                0x00800464                OSQTbl
                0x00800480                OSTCBHighRdy
                0x00800482                OSQFreeList
                0x00800484                OSRdyGrp
                0x00800485                OSRdyTbl
                0x00800487                OSEventFreeList
                0x00800489                OSIntExitY
                0x0080048a                OSIntNesting
                0x0080048b                OSTCBCur
                0x0080048d                OSTaskIdleStk
                0x008004f1                OSEventTbl
                0x00800591                OSTCBTbl
                0x0080064f                OSFlagFreeList
                0x00800651                OSTCBPrioTbl
                0x00800671                PROVIDE (__bss_end, .)
                0x00002596                __data_load_start = LOADADDR (.data)
                0x000026a8                __data_load_end = (__data_load_start + SIZEOF (.data))

.noinit         0x00800671        0x0
                0x00800671                PROVIDE (__noinit_start, .)
 *(.noinit*)
                0x00800671                PROVIDE (__noinit_end, .)
                0x00800671                _end = .
                0x00800671                PROVIDE (__heap_start, .)

.eeprom         0x00810000        0x0
 *(.eeprom*)
                0x00810000                __eeprom_end = .

.fuse
 *(.fuse)
 *(.lfuse)
 *(.hfuse)
 *(.efuse)

.lock
 *(.lock*)

.signature
 *(.signature*)

.user_signatures
 *(.user_signatures*)

.stab
 *(.stab)

.stabstr
 *(.stabstr)

.stab.excl
 *(.stab.excl)

.stab.exclstr
 *(.stab.exclstr)

.stab.index
 *(.stab.index)

.stab.indexstr
 *(.stab.indexstr)

.comment        0x00000000       0x30
 *(.comment)
 .comment       0x00000000       0x30 ADC.o
                                 0x31 (size before relaxing)
 .comment       0x00000000       0x31 LED.o
 .comment       0x00000000       0x31 main.o
 .comment       0x00000000       0x31 moteur.o
 .comment       0x00000000       0x31 PWM.o
 .comment       0x00000000       0x31 UART.o
 .comment       0x00000000       0x31 uCOS_II/os_core.o
 .comment       0x00000000       0x31 uCOS_II/os_cpu_c.o
 .comment       0x00000000       0x31 uCOS_II/os_flag.o
 .comment       0x00000000       0x31 uCOS_II/os_mbox.o
 .comment       0x00000000       0x31 uCOS_II/os_mem.o
 .comment       0x00000000       0x31 uCOS_II/os_mutex.o
 .comment       0x00000000       0x31 uCOS_II/os_q.o
 .comment       0x00000000       0x31 uCOS_II/os_sem.o
 .comment       0x00000000       0x31 uCOS_II/os_task.o
 .comment       0x00000000       0x31 uCOS_II/os_time.o
 .comment       0x00000000       0x31 uCOS_II/ucos_ii.o

.note.gnu.build-id
 *(.note.gnu.build-id)

.debug
 *(.debug)

.line
 *(.line)

.debug_srcinfo
 *(.debug_srcinfo)

.debug_sfnames
 *(.debug_sfnames)

.debug_aranges  0x00000000      0x5f0
 *(.debug_aranges)
 .debug_aranges
                0x00000000       0x50 ADC.o
 .debug_aranges
                0x00000050       0x38 LED.o
 .debug_aranges
                0x00000088       0x40 main.o
 .debug_aranges
                0x000000c8       0x20 moteur.o
 .debug_aranges
                0x000000e8       0x28 PWM.o
 .debug_aranges
                0x00000110       0x30 UART.o
 .debug_aranges
                0x00000140       0x80 uCOS_II/os_core.o
 .debug_aranges
                0x000001c0       0x90 uCOS_II/os_cpu_c.o
 .debug_aranges
                0x00000250       0x68 uCOS_II/os_flag.o
 .debug_aranges
                0x000002b8       0x48 uCOS_II/os_mbox.o
 .debug_aranges
                0x00000300       0x18 uCOS_II/os_mem.o
 .debug_aranges
                0x00000318       0x40 uCOS_II/os_mutex.o
 .debug_aranges
                0x00000358       0x58 uCOS_II/os_q.o
 .debug_aranges
                0x000003b0       0x40 uCOS_II/os_sem.o
 .debug_aranges
                0x000003f0       0x28 uCOS_II/os_task.o
 .debug_aranges
                0x00000418       0x28 uCOS_II/os_time.o
 .debug_aranges
                0x00000440      0x1b0 uCOS_II/ucos_ii.o

.debug_pubnames
 *(.debug_pubnames)

.debug_info     0x00000000     0x6ce1
 *(.debug_info .gnu.linkonce.wi.*)
 .debug_info    0x00000000      0x4ad ADC.o
 .debug_info    0x000004ad      0x16c LED.o
 .debug_info    0x00000619      0x901 main.o
 .debug_info    0x00000f1a      0x144 moteur.o
 .debug_info    0x0000105e      0x1de PWM.o
 .debug_info    0x0000123c      0x2aa UART.o
 .debug_info    0x000014e6      0xb97 uCOS_II/os_core.o
 .debug_info    0x0000207d      0x4c1 uCOS_II/os_cpu_c.o
 .debug_info    0x0000253e      0x906 uCOS_II/os_flag.o
 .debug_info    0x00002e44      0x573 uCOS_II/os_mbox.o
 .debug_info    0x000033b7       0x64 uCOS_II/os_mem.o
 .debug_info    0x0000341b      0x5bd uCOS_II/os_mutex.o
 .debug_info    0x000039d8      0x760 uCOS_II/os_q.o
 .debug_info    0x00004138      0x4b2 uCOS_II/os_sem.o
 .debug_info    0x000045ea      0x439 uCOS_II/os_task.o
 .debug_info    0x00004a23      0x2d6 uCOS_II/os_time.o
 .debug_info    0x00004cf9     0x1fe8 uCOS_II/ucos_ii.o

.debug_abbrev   0x00000000     0x1dec
 *(.debug_abbrev)
 .debug_abbrev  0x00000000      0x1af ADC.o
 .debug_abbrev  0x000001af       0x9f LED.o
 .debug_abbrev  0x0000024e      0x1f9 main.o
 .debug_abbrev  0x00000447       0x9a moteur.o
 .debug_abbrev  0x000004e1      0x119 PWM.o
 .debug_abbrev  0x000005fa      0x156 UART.o
 .debug_abbrev  0x00000750      0x2c6 uCOS_II/os_core.o
 .debug_abbrev  0x00000a16      0x1aa uCOS_II/os_cpu_c.o
 .debug_abbrev  0x00000bc0      0x25f uCOS_II/os_flag.o
 .debug_abbrev  0x00000e1f      0x222 uCOS_II/os_mbox.o
 .debug_abbrev  0x00001041       0x26 uCOS_II/os_mem.o
 .debug_abbrev  0x00001067      0x245 uCOS_II/os_mutex.o
 .debug_abbrev  0x000012ac      0x24d uCOS_II/os_q.o
 .debug_abbrev  0x000014f9      0x220 uCOS_II/os_sem.o
 .debug_abbrev  0x00001719      0x190 uCOS_II/os_task.o
 .debug_abbrev  0x000018a9      0x132 uCOS_II/os_time.o
 .debug_abbrev  0x000019db      0x411 uCOS_II/ucos_ii.o

.debug_line     0x00000000     0x1e16
 *(.debug_line .debug_line.* .debug_line_end)
 .debug_line    0x00000000      0x279 ADC.o
 .debug_line    0x00000279       0xfc LED.o
 .debug_line    0x00000375      0x18d main.o
 .debug_line    0x00000502      0x12e moteur.o
 .debug_line    0x00000630      0x11a PWM.o
 .debug_line    0x0000074a      0x15b UART.o
 .debug_line    0x000008a5      0x1f8 uCOS_II/os_core.o
 .debug_line    0x00000a9d      0x21f uCOS_II/os_cpu_c.o
 .debug_line    0x00000cbc      0x216 uCOS_II/os_flag.o
 .debug_line    0x00000ed2      0x134 uCOS_II/os_mbox.o
 .debug_line    0x00001006       0x1a uCOS_II/os_mem.o
 .debug_line    0x00001020      0x158 uCOS_II/os_mutex.o
 .debug_line    0x00001178      0x18b uCOS_II/os_q.o
 .debug_line    0x00001303      0x109 uCOS_II/os_sem.o
 .debug_line    0x0000140c       0x9a uCOS_II/os_task.o
 .debug_line    0x000014a6       0x97 uCOS_II/os_time.o
 .debug_line    0x0000153d      0x8d9 uCOS_II/ucos_ii.o

.debug_frame    0x00000000      0xf9c
 *(.debug_frame)
 .debug_frame   0x00000000      0x11c ADC.o
 .debug_frame   0x0000011c       0x54 LED.o
 .debug_frame   0x00000170       0x80 main.o
 .debug_frame   0x000001f0       0x84 moteur.o
 .debug_frame   0x00000274       0x7c PWM.o
 .debug_frame   0x000002f0       0xd4 UART.o
 .debug_frame   0x000003c4      0x120 uCOS_II/os_core.o
 .debug_frame   0x000004e4      0x14c uCOS_II/os_cpu_c.o
 .debug_frame   0x00000630      0x13c uCOS_II/os_flag.o
 .debug_frame   0x0000076c       0xa8 uCOS_II/os_mbox.o
 .debug_frame   0x00000814       0xac uCOS_II/os_mutex.o
 .debug_frame   0x000008c0       0xd4 uCOS_II/os_q.o
 .debug_frame   0x00000994       0x84 uCOS_II/os_sem.o
 .debug_frame   0x00000a18       0x6c uCOS_II/os_task.o
 .debug_frame   0x00000a84       0x34 uCOS_II/os_time.o
 .debug_frame   0x00000ab8      0x4e4 uCOS_II/ucos_ii.o

.debug_str      0x00000000      0xd70
 *(.debug_str)
 .debug_str     0x00000000      0x2b0 ADC.o
                                0x2e4 (size before relaxing)
 .debug_str     0x000002b0       0x32 LED.o
                                0x1c5 (size before relaxing)
 .debug_str     0x000002e2      0x1df main.o
                                0x3d8 (size before relaxing)
 .debug_str     0x000004c1       0x52 moteur.o
                                0x12f (size before relaxing)
 .debug_str     0x00000513       0x2c PWM.o
                                0x221 (size before relaxing)
 .debug_str     0x0000053f       0x3e UART.o
                                0x277 (size before relaxing)
 .debug_str     0x0000057d      0x40a uCOS_II/os_core.o
                                0x5d4 (size before relaxing)
 .debug_str     0x00000987       0x6a uCOS_II/os_cpu_c.o
                                0x397 (size before relaxing)
 .debug_str     0x000009f1      0x166 uCOS_II/os_flag.o
                                0x42d (size before relaxing)
 .debug_str     0x00000b57       0x72 uCOS_II/os_mbox.o
                                0x32f (size before relaxing)
 .debug_str     0x00000bc9       0x14 uCOS_II/os_mem.o
                                0x151 (size before relaxing)
 .debug_str     0x00000bdd       0x8a uCOS_II/os_mutex.o
                                0x389 (size before relaxing)
 .debug_str     0x00000c67       0x61 uCOS_II/os_q.o
                                0x390 (size before relaxing)
 .debug_str     0x00000cc8       0x3d uCOS_II/os_sem.o
                                0x31a (size before relaxing)
 .debug_str     0x00000d05       0x21 uCOS_II/os_task.o
                                0x2d0 (size before relaxing)
 .debug_str     0x00000d26       0x35 uCOS_II/os_time.o
                                0x29d (size before relaxing)
 .debug_str     0x00000d5b       0x15 uCOS_II/ucos_ii.o
                                0x8ec (size before relaxing)

.debug_loc      0x00000000     0x5b62
 *(.debug_loc)
 .debug_loc     0x00000000      0x29b ADC.o
 .debug_loc     0x0000029b       0x42 LED.o
 .debug_loc     0x000002dd      0x11c main.o
 .debug_loc     0x000003f9      0x20b moteur.o
 .debug_loc     0x00000604       0xcb PWM.o
 .debug_loc     0x000006cf      0x196 UART.o
 .debug_loc     0x00000865      0x6b7 uCOS_II/os_core.o
 .debug_loc     0x00000f1c      0x306 uCOS_II/os_cpu_c.o
 .debug_loc     0x00001222      0xc11 uCOS_II/os_flag.o
 .debug_loc     0x00001e33      0x418 uCOS_II/os_mbox.o
 .debug_loc     0x0000224b      0x4ee uCOS_II/os_mutex.o
 .debug_loc     0x00002739      0x6ad uCOS_II/os_q.o
 .debug_loc     0x00002de6      0x2d2 uCOS_II/os_sem.o
 .debug_loc     0x000030b8      0x223 uCOS_II/os_task.o
 .debug_loc     0x000032db       0xb5 uCOS_II/os_time.o
 .debug_loc     0x00003390     0x27d2 uCOS_II/ucos_ii.o

.debug_macinfo
 *(.debug_macinfo)

.debug_weaknames
 *(.debug_weaknames)

.debug_funcnames
 *(.debug_funcnames)

.debug_typenames
 *(.debug_typenames)

.debug_varnames
 *(.debug_varnames)

.debug_pubtypes
 *(.debug_pubtypes)

.debug_ranges   0x00000000      0x4d8
 *(.debug_ranges)
 .debug_ranges  0x00000000       0x40 ADC.o
 .debug_ranges  0x00000040       0x28 LED.o
 .debug_ranges  0x00000068       0x30 main.o
 .debug_ranges  0x00000098       0x10 moteur.o
 .debug_ranges  0x000000a8       0x18 PWM.o
 .debug_ranges  0x000000c0       0x20 UART.o
 .debug_ranges  0x000000e0       0x70 uCOS_II/os_core.o
 .debug_ranges  0x00000150       0x80 uCOS_II/os_cpu_c.o
 .debug_ranges  0x000001d0       0x58 uCOS_II/os_flag.o
 .debug_ranges  0x00000228       0x38 uCOS_II/os_mbox.o
 .debug_ranges  0x00000260       0x30 uCOS_II/os_mutex.o
 .debug_ranges  0x00000290       0x48 uCOS_II/os_q.o
 .debug_ranges  0x000002d8       0x30 uCOS_II/os_sem.o
 .debug_ranges  0x00000308       0x18 uCOS_II/os_task.o
 .debug_ranges  0x00000320       0x18 uCOS_II/os_time.o
 .debug_ranges  0x00000338      0x1a0 uCOS_II/ucos_ii.o

.debug_macro
 *(.debug_macro)
OUTPUT(proto2.elf elf32-avr)
LOAD linker stubs
