Archive member included because of file (symbol)

e:/avr/atmel/atmel toolchain/avr8 gcc/native/3.4.2.1002/avr8-gnu-toolchain/bin/../lib/gcc/avr/4.7.2/../../../../avr/lib/avr5\libm.a(addsf3.o)
                              main.o (__subsf3)
e:/avr/atmel/atmel toolchain/avr8 gcc/native/3.4.2.1002/avr8-gnu-toolchain/bin/../lib/gcc/avr/4.7.2/../../../../avr/lib/avr5\libm.a(addsf3x.o)
                              e:/avr/atmel/atmel toolchain/avr8 gcc/native/3.4.2.1002/avr8-gnu-toolchain/bin/../lib/gcc/avr/4.7.2/../../../../avr/lib/avr5\libm.a(addsf3.o) (__addsf3x)
e:/avr/atmel/atmel toolchain/avr8 gcc/native/3.4.2.1002/avr8-gnu-toolchain/bin/../lib/gcc/avr/4.7.2/../../../../avr/lib/avr5\libm.a(cmpsf2.o)
                              moteur.o (__ltsf2)
e:/avr/atmel/atmel toolchain/avr8 gcc/native/3.4.2.1002/avr8-gnu-toolchain/bin/../lib/gcc/avr/4.7.2/../../../../avr/lib/avr5\libm.a(divsf3.o)
                              ADC.o (__divsf3)
e:/avr/atmel/atmel toolchain/avr8 gcc/native/3.4.2.1002/avr8-gnu-toolchain/bin/../lib/gcc/avr/4.7.2/../../../../avr/lib/avr5\libm.a(divsf3x.o)
                              e:/avr/atmel/atmel toolchain/avr8 gcc/native/3.4.2.1002/avr8-gnu-toolchain/bin/../lib/gcc/avr/4.7.2/../../../../avr/lib/avr5\libm.a(divsf3.o) (__divsf3x)
e:/avr/atmel/atmel toolchain/avr8 gcc/native/3.4.2.1002/avr8-gnu-toolchain/bin/../lib/gcc/avr/4.7.2/../../../../avr/lib/avr5\libm.a(floatsisf.o)
                              ADC.o (__floatunsisf)
e:/avr/atmel/atmel toolchain/avr8 gcc/native/3.4.2.1002/avr8-gnu-toolchain/bin/../lib/gcc/avr/4.7.2/../../../../avr/lib/avr5\libm.a(fp_cmp.o)
                              e:/avr/atmel/atmel toolchain/avr8 gcc/native/3.4.2.1002/avr8-gnu-toolchain/bin/../lib/gcc/avr/4.7.2/../../../../avr/lib/avr5\libm.a(cmpsf2.o) (__fp_cmp)
e:/avr/atmel/atmel toolchain/avr8 gcc/native/3.4.2.1002/avr8-gnu-toolchain/bin/../lib/gcc/avr/4.7.2/../../../../avr/lib/avr5\libm.a(fp_inf.o)
                              e:/avr/atmel/atmel toolchain/avr8 gcc/native/3.4.2.1002/avr8-gnu-toolchain/bin/../lib/gcc/avr/4.7.2/../../../../avr/lib/avr5\libm.a(addsf3x.o) (__fp_inf)
e:/avr/atmel/atmel toolchain/avr8 gcc/native/3.4.2.1002/avr8-gnu-toolchain/bin/../lib/gcc/avr/4.7.2/../../../../avr/lib/avr5\libm.a(fp_nan.o)
                              e:/avr/atmel/atmel toolchain/avr8 gcc/native/3.4.2.1002/avr8-gnu-toolchain/bin/../lib/gcc/avr/4.7.2/../../../../avr/lib/avr5\libm.a(addsf3x.o) (__fp_nan)
e:/avr/atmel/atmel toolchain/avr8 gcc/native/3.4.2.1002/avr8-gnu-toolchain/bin/../lib/gcc/avr/4.7.2/../../../../avr/lib/avr5\libm.a(fp_pscA.o)
                              e:/avr/atmel/atmel toolchain/avr8 gcc/native/3.4.2.1002/avr8-gnu-toolchain/bin/../lib/gcc/avr/4.7.2/../../../../avr/lib/avr5\libm.a(addsf3x.o) (__fp_pscA)
e:/avr/atmel/atmel toolchain/avr8 gcc/native/3.4.2.1002/avr8-gnu-toolchain/bin/../lib/gcc/avr/4.7.2/../../../../avr/lib/avr5\libm.a(fp_pscB.o)
                              e:/avr/atmel/atmel toolchain/avr8 gcc/native/3.4.2.1002/avr8-gnu-toolchain/bin/../lib/gcc/avr/4.7.2/../../../../avr/lib/avr5\libm.a(addsf3x.o) (__fp_pscB)
e:/avr/atmel/atmel toolchain/avr8 gcc/native/3.4.2.1002/avr8-gnu-toolchain/bin/../lib/gcc/avr/4.7.2/../../../../avr/lib/avr5\libm.a(fp_round.o)
                              e:/avr/atmel/atmel toolchain/avr8 gcc/native/3.4.2.1002/avr8-gnu-toolchain/bin/../lib/gcc/avr/4.7.2/../../../../avr/lib/avr5\libm.a(addsf3.o) (__fp_round)
e:/avr/atmel/atmel toolchain/avr8 gcc/native/3.4.2.1002/avr8-gnu-toolchain/bin/../lib/gcc/avr/4.7.2/../../../../avr/lib/avr5\libm.a(fp_split3.o)
                              e:/avr/atmel/atmel toolchain/avr8 gcc/native/3.4.2.1002/avr8-gnu-toolchain/bin/../lib/gcc/avr/4.7.2/../../../../avr/lib/avr5\libm.a(addsf3x.o) (__fp_split3)
e:/avr/atmel/atmel toolchain/avr8 gcc/native/3.4.2.1002/avr8-gnu-toolchain/bin/../lib/gcc/avr/4.7.2/../../../../avr/lib/avr5\libm.a(fp_zero.o)
                              e:/avr/atmel/atmel toolchain/avr8 gcc/native/3.4.2.1002/avr8-gnu-toolchain/bin/../lib/gcc/avr/4.7.2/../../../../avr/lib/avr5\libm.a(addsf3x.o) (__fp_zero)
e:/avr/atmel/atmel toolchain/avr8 gcc/native/3.4.2.1002/avr8-gnu-toolchain/bin/../lib/gcc/avr/4.7.2/../../../../avr/lib/avr5\libm.a(gesf2.o)
                              moteur.o (__gesf2)
e:/avr/atmel/atmel toolchain/avr8 gcc/native/3.4.2.1002/avr8-gnu-toolchain/bin/../lib/gcc/avr/4.7.2/../../../../avr/lib/avr5\libm.a(mulsf3.o)
                              main.o (__mulsf3)
e:/avr/atmel/atmel toolchain/avr8 gcc/native/3.4.2.1002/avr8-gnu-toolchain/bin/../lib/gcc/avr/4.7.2/../../../../avr/lib/avr5\libm.a(mulsf3x.o)
                              e:/avr/atmel/atmel toolchain/avr8 gcc/native/3.4.2.1002/avr8-gnu-toolchain/bin/../lib/gcc/avr/4.7.2/../../../../avr/lib/avr5\libm.a(mulsf3.o) (__mulsf3x)
e:/avr/atmel/atmel toolchain/avr8 gcc/native/3.4.2.1002/avr8-gnu-toolchain/bin/../lib/gcc/avr/4.7.2/avr5\libgcc.a(_udivmodhi4.o)
                              ADC.o (__udivmodhi4)
e:/avr/atmel/atmel toolchain/avr8 gcc/native/3.4.2.1002/avr8-gnu-toolchain/bin/../lib/gcc/avr/4.7.2/avr5\libgcc.a(_exit.o)
                              e:/avr/atmel/atmel toolchain/avr8 gcc/native/3.4.2.1002/avr8-gnu-toolchain/bin/../lib/gcc/avr/4.7.2/../../../../avr/lib/avr5/crtm32.o (exit)
e:/avr/atmel/atmel toolchain/avr8 gcc/native/3.4.2.1002/avr8-gnu-toolchain/bin/../lib/gcc/avr/4.7.2/avr5\libgcc.a(_copy_data.o)
                              ADC.o (__do_copy_data)
e:/avr/atmel/atmel toolchain/avr8 gcc/native/3.4.2.1002/avr8-gnu-toolchain/bin/../lib/gcc/avr/4.7.2/avr5\libgcc.a(_clear_bss.o)
                              ADC.o (__do_clear_bss)

Allocating common symbols
Common symbol       size              file

CircularBufferIn    0x40              ADC.o
CircularBufferOutEnd
                    0x1               ADC.o
CircularBufferOut   0x20              ADC.o
CircularBufferOutIndex
                    0x1               ADC.o
CircularBufferInEnd
                    0x1               ADC.o
CircularBufferInIndex
                    0x1               ADC.o

Discarded input sections

 .bss           0x00000000        0x0 e:/avr/atmel/atmel toolchain/avr8 gcc/native/3.4.2.1002/avr8-gnu-toolchain/bin/../lib/gcc/avr/4.7.2/../../../../avr/lib/avr5/crtm32.o
 .text          0x00000000        0x0 ADC.o
 .bss           0x00000000        0x0 ADC.o
 .text.DIR_bit_ON
                0x00000000       0x1a ADC.o
 .text.DIR_bit_OFF
                0x00000000       0x18 ADC.o
 .text.ADC_init
                0x00000000       0x16 ADC.o
 .text.resetADC
                0x00000000       0x1e ADC.o
 .text.motor_calibration
                0x00000000      0x166 ADC.o
 .text          0x00000000        0x0 LED.o
 .bss           0x00000000        0x0 LED.o
 .text.LED_ON   0x00000000       0x18 LED.o
 .text.LED_OFF  0x00000000       0x1a LED.o
 .bss.LEFT_Vzero_neg
                0x00000000        0x2 LED.o
 .data.LEFT_Vmax_neg
                0x00000000        0x2 LED.o
 .bss.LEFT_Vzero_pos
                0x00000000        0x2 LED.o
 .data.LEFT_Vmax_pos
                0x00000000        0x2 LED.o
 .bss.RIGHT_Vzero_neg
                0x00000000        0x2 LED.o
 .data.RIGHT_Vmax_neg
                0x00000000        0x2 LED.o
 .bss.RIGHT_Vzero_pos
                0x00000000        0x2 LED.o
 .data.RIGHT_Vmax_pos
                0x00000000        0x2 LED.o
 .bss.RIGHT_ADCvalue
                0x00000000        0x2 LED.o
 .bss.RIGHT_counter
                0x00000000        0x1 LED.o
 .bss.LEFT_ADCvalue
                0x00000000        0x2 LED.o
 .bss.LEFT_counter
                0x00000000        0x1 LED.o
 .text          0x00000000        0x0 main.o
 .bss           0x00000000        0x0 main.o
 .bss.LEFT_Vzero_neg
                0x00000000        0x2 main.o
 .data.LEFT_Vmax_neg
                0x00000000        0x2 main.o
 .bss.LEFT_Vzero_pos
                0x00000000        0x2 main.o
 .data.LEFT_Vmax_pos
                0x00000000        0x2 main.o
 .bss.RIGHT_Vzero_neg
                0x00000000        0x2 main.o
 .data.RIGHT_Vmax_neg
                0x00000000        0x2 main.o
 .bss.RIGHT_Vzero_pos
                0x00000000        0x2 main.o
 .data.RIGHT_Vmax_pos
                0x00000000        0x2 main.o
 .bss.RIGHT_ADCvalue
                0x00000000        0x2 main.o
 .bss.RIGHT_counter
                0x00000000        0x1 main.o
 .bss.LEFT_ADCvalue
                0x00000000        0x2 main.o
 .bss.LEFT_counter
                0x00000000        0x1 main.o
 .text          0x00000000        0x0 moteur.o
 .bss           0x00000000        0x0 moteur.o
 .text          0x00000000        0x0 PWM.o
 .bss           0x00000000        0x0 PWM.o
 .bss.LEFT_Vzero_neg
                0x00000000        0x2 PWM.o
 .data.LEFT_Vmax_neg
                0x00000000        0x2 PWM.o
 .bss.LEFT_Vzero_pos
                0x00000000        0x2 PWM.o
 .data.LEFT_Vmax_pos
                0x00000000        0x2 PWM.o
 .bss.RIGHT_Vzero_neg
                0x00000000        0x2 PWM.o
 .data.RIGHT_Vmax_neg
                0x00000000        0x2 PWM.o
 .bss.RIGHT_Vzero_pos
                0x00000000        0x2 PWM.o
 .data.RIGHT_Vmax_pos
                0x00000000        0x2 PWM.o
 .bss.RIGHT_ADCvalue
                0x00000000        0x2 PWM.o
 .bss.RIGHT_counter
                0x00000000        0x1 PWM.o
 .bss.LEFT_ADCvalue
                0x00000000        0x2 PWM.o
 .bss.LEFT_counter
                0x00000000        0x1 PWM.o
 .text          0x00000000        0x0 TWI.o
 .bss           0x00000000        0x0 TWI.o
 .bss.LEFT_Vzero_neg
                0x00000000        0x2 TWI.o
 .data.LEFT_Vmax_neg
                0x00000000        0x2 TWI.o
 .bss.LEFT_Vzero_pos
                0x00000000        0x2 TWI.o
 .data.LEFT_Vmax_pos
                0x00000000        0x2 TWI.o
 .bss.RIGHT_Vzero_neg
                0x00000000        0x2 TWI.o
 .data.RIGHT_Vmax_neg
                0x00000000        0x2 TWI.o
 .bss.RIGHT_Vzero_pos
                0x00000000        0x2 TWI.o
 .data.RIGHT_Vmax_pos
                0x00000000        0x2 TWI.o
 .bss.RIGHT_ADCvalue
                0x00000000        0x2 TWI.o
 .bss.RIGHT_counter
                0x00000000        0x1 TWI.o
 .bss.LEFT_ADCvalue
                0x00000000        0x2 TWI.o
 .bss.LEFT_counter
                0x00000000        0x1 TWI.o
 .text          0x00000000        0x0 UART.o
 .bss           0x00000000        0x0 UART.o
 .text.debug_send
                0x00000000       0x26 UART.o
 .bss.LEFT_Vzero_neg
                0x00000000        0x2 UART.o
 .data.LEFT_Vmax_neg
                0x00000000        0x2 UART.o
 .bss.LEFT_Vzero_pos
                0x00000000        0x2 UART.o
 .data.LEFT_Vmax_pos
                0x00000000        0x2 UART.o
 .bss.RIGHT_Vzero_neg
                0x00000000        0x2 UART.o
 .data.RIGHT_Vmax_neg
                0x00000000        0x2 UART.o
 .bss.RIGHT_Vzero_pos
                0x00000000        0x2 UART.o
 .data.RIGHT_Vmax_pos
                0x00000000        0x2 UART.o
 .bss.RIGHT_ADCvalue
                0x00000000        0x2 UART.o
 .bss.RIGHT_counter
                0x00000000        0x1 UART.o
 .bss.LEFT_ADCvalue
                0x00000000        0x2 UART.o
 .bss.LEFT_counter
                0x00000000        0x1 UART.o
 .text          0x00000000        0x0 e:/avr/atmel/atmel toolchain/avr8 gcc/native/3.4.2.1002/avr8-gnu-toolchain/bin/../lib/gcc/avr/4.7.2/../../../../avr/lib/avr5\libm.a(addsf3.o)
 .bss           0x00000000        0x0 e:/avr/atmel/atmel toolchain/avr8 gcc/native/3.4.2.1002/avr8-gnu-toolchain/bin/../lib/gcc/avr/4.7.2/../../../../avr/lib/avr5\libm.a(addsf3.o)
 .text          0x00000000        0x0 e:/avr/atmel/atmel toolchain/avr8 gcc/native/3.4.2.1002/avr8-gnu-toolchain/bin/../lib/gcc/avr/4.7.2/../../../../avr/lib/avr5\libm.a(addsf3x.o)
 .bss           0x00000000        0x0 e:/avr/atmel/atmel toolchain/avr8 gcc/native/3.4.2.1002/avr8-gnu-toolchain/bin/../lib/gcc/avr/4.7.2/../../../../avr/lib/avr5\libm.a(addsf3x.o)
 .text          0x00000000        0x0 e:/avr/atmel/atmel toolchain/avr8 gcc/native/3.4.2.1002/avr8-gnu-toolchain/bin/../lib/gcc/avr/4.7.2/../../../../avr/lib/avr5\libm.a(cmpsf2.o)
 .bss           0x00000000        0x0 e:/avr/atmel/atmel toolchain/avr8 gcc/native/3.4.2.1002/avr8-gnu-toolchain/bin/../lib/gcc/avr/4.7.2/../../../../avr/lib/avr5\libm.a(cmpsf2.o)
 .text          0x00000000        0x0 e:/avr/atmel/atmel toolchain/avr8 gcc/native/3.4.2.1002/avr8-gnu-toolchain/bin/../lib/gcc/avr/4.7.2/../../../../avr/lib/avr5\libm.a(divsf3.o)
 .bss           0x00000000        0x0 e:/avr/atmel/atmel toolchain/avr8 gcc/native/3.4.2.1002/avr8-gnu-toolchain/bin/../lib/gcc/avr/4.7.2/../../../../avr/lib/avr5\libm.a(divsf3.o)
 .text          0x00000000        0x0 e:/avr/atmel/atmel toolchain/avr8 gcc/native/3.4.2.1002/avr8-gnu-toolchain/bin/../lib/gcc/avr/4.7.2/../../../../avr/lib/avr5\libm.a(divsf3x.o)
 .bss           0x00000000        0x0 e:/avr/atmel/atmel toolchain/avr8 gcc/native/3.4.2.1002/avr8-gnu-toolchain/bin/../lib/gcc/avr/4.7.2/../../../../avr/lib/avr5\libm.a(divsf3x.o)
 .text          0x00000000        0x0 e:/avr/atmel/atmel toolchain/avr8 gcc/native/3.4.2.1002/avr8-gnu-toolchain/bin/../lib/gcc/avr/4.7.2/../../../../avr/lib/avr5\libm.a(floatsisf.o)
 .bss           0x00000000        0x0 e:/avr/atmel/atmel toolchain/avr8 gcc/native/3.4.2.1002/avr8-gnu-toolchain/bin/../lib/gcc/avr/4.7.2/../../../../avr/lib/avr5\libm.a(floatsisf.o)
 .text          0x00000000        0x0 e:/avr/atmel/atmel toolchain/avr8 gcc/native/3.4.2.1002/avr8-gnu-toolchain/bin/../lib/gcc/avr/4.7.2/../../../../avr/lib/avr5\libm.a(fp_cmp.o)
 .bss           0x00000000        0x0 e:/avr/atmel/atmel toolchain/avr8 gcc/native/3.4.2.1002/avr8-gnu-toolchain/bin/../lib/gcc/avr/4.7.2/../../../../avr/lib/avr5\libm.a(fp_cmp.o)
 .text          0x00000000        0x0 e:/avr/atmel/atmel toolchain/avr8 gcc/native/3.4.2.1002/avr8-gnu-toolchain/bin/../lib/gcc/avr/4.7.2/../../../../avr/lib/avr5\libm.a(fp_inf.o)
 .bss           0x00000000        0x0 e:/avr/atmel/atmel toolchain/avr8 gcc/native/3.4.2.1002/avr8-gnu-toolchain/bin/../lib/gcc/avr/4.7.2/../../../../avr/lib/avr5\libm.a(fp_inf.o)
 .text          0x00000000        0x0 e:/avr/atmel/atmel toolchain/avr8 gcc/native/3.4.2.1002/avr8-gnu-toolchain/bin/../lib/gcc/avr/4.7.2/../../../../avr/lib/avr5\libm.a(fp_nan.o)
 .bss           0x00000000        0x0 e:/avr/atmel/atmel toolchain/avr8 gcc/native/3.4.2.1002/avr8-gnu-toolchain/bin/../lib/gcc/avr/4.7.2/../../../../avr/lib/avr5\libm.a(fp_nan.o)
 .text          0x00000000        0x0 e:/avr/atmel/atmel toolchain/avr8 gcc/native/3.4.2.1002/avr8-gnu-toolchain/bin/../lib/gcc/avr/4.7.2/../../../../avr/lib/avr5\libm.a(fp_pscA.o)
 .bss           0x00000000        0x0 e:/avr/atmel/atmel toolchain/avr8 gcc/native/3.4.2.1002/avr8-gnu-toolchain/bin/../lib/gcc/avr/4.7.2/../../../../avr/lib/avr5\libm.a(fp_pscA.o)
 .text          0x00000000        0x0 e:/avr/atmel/atmel toolchain/avr8 gcc/native/3.4.2.1002/avr8-gnu-toolchain/bin/../lib/gcc/avr/4.7.2/../../../../avr/lib/avr5\libm.a(fp_pscB.o)
 .bss           0x00000000        0x0 e:/avr/atmel/atmel toolchain/avr8 gcc/native/3.4.2.1002/avr8-gnu-toolchain/bin/../lib/gcc/avr/4.7.2/../../../../avr/lib/avr5\libm.a(fp_pscB.o)
 .text          0x00000000        0x0 e:/avr/atmel/atmel toolchain/avr8 gcc/native/3.4.2.1002/avr8-gnu-toolchain/bin/../lib/gcc/avr/4.7.2/../../../../avr/lib/avr5\libm.a(fp_round.o)
 .bss           0x00000000        0x0 e:/avr/atmel/atmel toolchain/avr8 gcc/native/3.4.2.1002/avr8-gnu-toolchain/bin/../lib/gcc/avr/4.7.2/../../../../avr/lib/avr5\libm.a(fp_round.o)
 .text          0x00000000        0x0 e:/avr/atmel/atmel toolchain/avr8 gcc/native/3.4.2.1002/avr8-gnu-toolchain/bin/../lib/gcc/avr/4.7.2/../../../../avr/lib/avr5\libm.a(fp_split3.o)
 .bss           0x00000000        0x0 e:/avr/atmel/atmel toolchain/avr8 gcc/native/3.4.2.1002/avr8-gnu-toolchain/bin/../lib/gcc/avr/4.7.2/../../../../avr/lib/avr5\libm.a(fp_split3.o)
 .text          0x00000000        0x0 e:/avr/atmel/atmel toolchain/avr8 gcc/native/3.4.2.1002/avr8-gnu-toolchain/bin/../lib/gcc/avr/4.7.2/../../../../avr/lib/avr5\libm.a(fp_zero.o)
 .bss           0x00000000        0x0 e:/avr/atmel/atmel toolchain/avr8 gcc/native/3.4.2.1002/avr8-gnu-toolchain/bin/../lib/gcc/avr/4.7.2/../../../../avr/lib/avr5\libm.a(fp_zero.o)
 .text          0x00000000        0x0 e:/avr/atmel/atmel toolchain/avr8 gcc/native/3.4.2.1002/avr8-gnu-toolchain/bin/../lib/gcc/avr/4.7.2/../../../../avr/lib/avr5\libm.a(gesf2.o)
 .bss           0x00000000        0x0 e:/avr/atmel/atmel toolchain/avr8 gcc/native/3.4.2.1002/avr8-gnu-toolchain/bin/../lib/gcc/avr/4.7.2/../../../../avr/lib/avr5\libm.a(gesf2.o)
 .text          0x00000000        0x0 e:/avr/atmel/atmel toolchain/avr8 gcc/native/3.4.2.1002/avr8-gnu-toolchain/bin/../lib/gcc/avr/4.7.2/../../../../avr/lib/avr5\libm.a(mulsf3.o)
 .bss           0x00000000        0x0 e:/avr/atmel/atmel toolchain/avr8 gcc/native/3.4.2.1002/avr8-gnu-toolchain/bin/../lib/gcc/avr/4.7.2/../../../../avr/lib/avr5\libm.a(mulsf3.o)
 .text          0x00000000        0x0 e:/avr/atmel/atmel toolchain/avr8 gcc/native/3.4.2.1002/avr8-gnu-toolchain/bin/../lib/gcc/avr/4.7.2/../../../../avr/lib/avr5\libm.a(mulsf3x.o)
 .bss           0x00000000        0x0 e:/avr/atmel/atmel toolchain/avr8 gcc/native/3.4.2.1002/avr8-gnu-toolchain/bin/../lib/gcc/avr/4.7.2/../../../../avr/lib/avr5\libm.a(mulsf3x.o)
 .text          0x00000000        0x0 e:/avr/atmel/atmel toolchain/avr8 gcc/native/3.4.2.1002/avr8-gnu-toolchain/bin/../lib/gcc/avr/4.7.2/avr5\libgcc.a(_udivmodhi4.o)
 .bss           0x00000000        0x0 e:/avr/atmel/atmel toolchain/avr8 gcc/native/3.4.2.1002/avr8-gnu-toolchain/bin/../lib/gcc/avr/4.7.2/avr5\libgcc.a(_udivmodhi4.o)
 .text.libgcc.mul
                0x00000000        0x0 e:/avr/atmel/atmel toolchain/avr8 gcc/native/3.4.2.1002/avr8-gnu-toolchain/bin/../lib/gcc/avr/4.7.2/avr5\libgcc.a(_udivmodhi4.o)
 .text.libgcc.div
                0x00000000       0x28 e:/avr/atmel/atmel toolchain/avr8 gcc/native/3.4.2.1002/avr8-gnu-toolchain/bin/../lib/gcc/avr/4.7.2/avr5\libgcc.a(_udivmodhi4.o)
 .text.libgcc   0x00000000        0x0 e:/avr/atmel/atmel toolchain/avr8 gcc/native/3.4.2.1002/avr8-gnu-toolchain/bin/../lib/gcc/avr/4.7.2/avr5\libgcc.a(_udivmodhi4.o)
 .text.libgcc.prologue
                0x00000000        0x0 e:/avr/atmel/atmel toolchain/avr8 gcc/native/3.4.2.1002/avr8-gnu-toolchain/bin/../lib/gcc/avr/4.7.2/avr5\libgcc.a(_udivmodhi4.o)
 .text.libgcc.builtins
                0x00000000        0x0 e:/avr/atmel/atmel toolchain/avr8 gcc/native/3.4.2.1002/avr8-gnu-toolchain/bin/../lib/gcc/avr/4.7.2/avr5\libgcc.a(_udivmodhi4.o)
 .text.libgcc.fmul
                0x00000000        0x0 e:/avr/atmel/atmel toolchain/avr8 gcc/native/3.4.2.1002/avr8-gnu-toolchain/bin/../lib/gcc/avr/4.7.2/avr5\libgcc.a(_udivmodhi4.o)
 .text          0x00000000        0x0 e:/avr/atmel/atmel toolchain/avr8 gcc/native/3.4.2.1002/avr8-gnu-toolchain/bin/../lib/gcc/avr/4.7.2/avr5\libgcc.a(_exit.o)
 .bss           0x00000000        0x0 e:/avr/atmel/atmel toolchain/avr8 gcc/native/3.4.2.1002/avr8-gnu-toolchain/bin/../lib/gcc/avr/4.7.2/avr5\libgcc.a(_exit.o)
 .text.libgcc.mul
                0x00000000        0x0 e:/avr/atmel/atmel toolchain/avr8 gcc/native/3.4.2.1002/avr8-gnu-toolchain/bin/../lib/gcc/avr/4.7.2/avr5\libgcc.a(_exit.o)
 .text.libgcc.div
                0x00000000        0x0 e:/avr/atmel/atmel toolchain/avr8 gcc/native/3.4.2.1002/avr8-gnu-toolchain/bin/../lib/gcc/avr/4.7.2/avr5\libgcc.a(_exit.o)
 .text.libgcc   0x00000000        0x0 e:/avr/atmel/atmel toolchain/avr8 gcc/native/3.4.2.1002/avr8-gnu-toolchain/bin/../lib/gcc/avr/4.7.2/avr5\libgcc.a(_exit.o)
 .text.libgcc.prologue
                0x00000000        0x0 e:/avr/atmel/atmel toolchain/avr8 gcc/native/3.4.2.1002/avr8-gnu-toolchain/bin/../lib/gcc/avr/4.7.2/avr5\libgcc.a(_exit.o)
 .text.libgcc.builtins
                0x00000000        0x0 e:/avr/atmel/atmel toolchain/avr8 gcc/native/3.4.2.1002/avr8-gnu-toolchain/bin/../lib/gcc/avr/4.7.2/avr5\libgcc.a(_exit.o)
 .text.libgcc.fmul
                0x00000000        0x0 e:/avr/atmel/atmel toolchain/avr8 gcc/native/3.4.2.1002/avr8-gnu-toolchain/bin/../lib/gcc/avr/4.7.2/avr5\libgcc.a(_exit.o)
 .text          0x00000000        0x0 e:/avr/atmel/atmel toolchain/avr8 gcc/native/3.4.2.1002/avr8-gnu-toolchain/bin/../lib/gcc/avr/4.7.2/avr5\libgcc.a(_copy_data.o)
 .bss           0x00000000        0x0 e:/avr/atmel/atmel toolchain/avr8 gcc/native/3.4.2.1002/avr8-gnu-toolchain/bin/../lib/gcc/avr/4.7.2/avr5\libgcc.a(_copy_data.o)
 .text.libgcc.mul
                0x00000000        0x0 e:/avr/atmel/atmel toolchain/avr8 gcc/native/3.4.2.1002/avr8-gnu-toolchain/bin/../lib/gcc/avr/4.7.2/avr5\libgcc.a(_copy_data.o)
 .text.libgcc.div
                0x00000000        0x0 e:/avr/atmel/atmel toolchain/avr8 gcc/native/3.4.2.1002/avr8-gnu-toolchain/bin/../lib/gcc/avr/4.7.2/avr5\libgcc.a(_copy_data.o)
 .text.libgcc   0x00000000        0x0 e:/avr/atmel/atmel toolchain/avr8 gcc/native/3.4.2.1002/avr8-gnu-toolchain/bin/../lib/gcc/avr/4.7.2/avr5\libgcc.a(_copy_data.o)
 .text.libgcc.prologue
                0x00000000        0x0 e:/avr/atmel/atmel toolchain/avr8 gcc/native/3.4.2.1002/avr8-gnu-toolchain/bin/../lib/gcc/avr/4.7.2/avr5\libgcc.a(_copy_data.o)
 .text.libgcc.builtins
                0x00000000        0x0 e:/avr/atmel/atmel toolchain/avr8 gcc/native/3.4.2.1002/avr8-gnu-toolchain/bin/../lib/gcc/avr/4.7.2/avr5\libgcc.a(_copy_data.o)
 .text.libgcc.fmul
                0x00000000        0x0 e:/avr/atmel/atmel toolchain/avr8 gcc/native/3.4.2.1002/avr8-gnu-toolchain/bin/../lib/gcc/avr/4.7.2/avr5\libgcc.a(_copy_data.o)
 .text          0x00000000        0x0 e:/avr/atmel/atmel toolchain/avr8 gcc/native/3.4.2.1002/avr8-gnu-toolchain/bin/../lib/gcc/avr/4.7.2/avr5\libgcc.a(_clear_bss.o)
 .bss           0x00000000        0x0 e:/avr/atmel/atmel toolchain/avr8 gcc/native/3.4.2.1002/avr8-gnu-toolchain/bin/../lib/gcc/avr/4.7.2/avr5\libgcc.a(_clear_bss.o)
 .text.libgcc.mul
                0x00000000        0x0 e:/avr/atmel/atmel toolchain/avr8 gcc/native/3.4.2.1002/avr8-gnu-toolchain/bin/../lib/gcc/avr/4.7.2/avr5\libgcc.a(_clear_bss.o)
 .text.libgcc.div
                0x00000000        0x0 e:/avr/atmel/atmel toolchain/avr8 gcc/native/3.4.2.1002/avr8-gnu-toolchain/bin/../lib/gcc/avr/4.7.2/avr5\libgcc.a(_clear_bss.o)
 .text.libgcc   0x00000000        0x0 e:/avr/atmel/atmel toolchain/avr8 gcc/native/3.4.2.1002/avr8-gnu-toolchain/bin/../lib/gcc/avr/4.7.2/avr5\libgcc.a(_clear_bss.o)
 .text.libgcc.prologue
                0x00000000        0x0 e:/avr/atmel/atmel toolchain/avr8 gcc/native/3.4.2.1002/avr8-gnu-toolchain/bin/../lib/gcc/avr/4.7.2/avr5\libgcc.a(_clear_bss.o)
 .text.libgcc.builtins
                0x00000000        0x0 e:/avr/atmel/atmel toolchain/avr8 gcc/native/3.4.2.1002/avr8-gnu-toolchain/bin/../lib/gcc/avr/4.7.2/avr5\libgcc.a(_clear_bss.o)
 .text.libgcc.fmul
                0x00000000        0x0 e:/avr/atmel/atmel toolchain/avr8 gcc/native/3.4.2.1002/avr8-gnu-toolchain/bin/../lib/gcc/avr/4.7.2/avr5\libgcc.a(_clear_bss.o)

Memory Configuration

Name             Origin             Length             Attributes
text             0x00000000         0x00020000         xr
data             0x00800060         0x0000ffa0         rw !x
eeprom           0x00810000         0x00010000         rw !x
fuse             0x00820000         0x00000400         rw !x
lock             0x00830000         0x00000400         rw !x
signature        0x00840000         0x00000400         rw !x
user_signatures  0x00850000         0x00000400         rw !x
*default*        0x00000000         0xffffffff

Linker script and memory map

LOAD e:/avr/atmel/atmel toolchain/avr8 gcc/native/3.4.2.1002/avr8-gnu-toolchain/bin/../lib/gcc/avr/4.7.2/../../../../avr/lib/avr5/crtm32.o
LOAD ADC.o
LOAD LED.o
LOAD main.o
LOAD moteur.o
LOAD PWM.o
LOAD TWI.o
LOAD UART.o
START GROUP
LOAD e:/avr/atmel/atmel toolchain/avr8 gcc/native/3.4.2.1002/avr8-gnu-toolchain/bin/../lib/gcc/avr/4.7.2/../../../../avr/lib/avr5\libm.a
END GROUP
LOAD e:/avr/atmel/atmel toolchain/avr8 gcc/native/3.4.2.1002/avr8-gnu-toolchain/bin/../lib/gcc/avr/4.7.2/avr5\libgcc.a
LOAD e:/avr/atmel/atmel toolchain/avr8 gcc/native/3.4.2.1002/avr8-gnu-toolchain/bin/../lib/gcc/avr/4.7.2/../../../../avr/lib/avr5\libc.a
LOAD e:/avr/atmel/atmel toolchain/avr8 gcc/native/3.4.2.1002/avr8-gnu-toolchain/bin/../lib/gcc/avr/4.7.2/avr5\libgcc.a

.hash
 *(.hash)

.dynsym
 *(.dynsym)

.dynstr
 *(.dynstr)

.gnu.version
 *(.gnu.version)

.gnu.version_d
 *(.gnu.version_d)

.gnu.version_r
 *(.gnu.version_r)

.rel.init
 *(.rel.init)

.rela.init
 *(.rela.init)

.rel.text
 *(.rel.text)
 *(.rel.text.*)
 *(.rel.gnu.linkonce.t*)

.rela.text
 *(.rela.text)
 *(.rela.text.*)
 *(.rela.gnu.linkonce.t*)

.rel.fini
 *(.rel.fini)

.rela.fini
 *(.rela.fini)

.rel.rodata
 *(.rel.rodata)
 *(.rel.rodata.*)
 *(.rel.gnu.linkonce.r*)

.rela.rodata
 *(.rela.rodata)
 *(.rela.rodata.*)
 *(.rela.gnu.linkonce.r*)

.rel.data
 *(.rel.data)
 *(.rel.data.*)
 *(.rel.gnu.linkonce.d*)

.rela.data
 *(.rela.data)
 *(.rela.data.*)
 *(.rela.gnu.linkonce.d*)

.rel.ctors
 *(.rel.ctors)

.rela.ctors
 *(.rela.ctors)

.rel.dtors
 *(.rel.dtors)

.rela.dtors
 *(.rela.dtors)

.rel.got
 *(.rel.got)

.rela.got
 *(.rela.got)

.rel.bss
 *(.rel.bss)

.rela.bss
 *(.rela.bss)

.rel.plt
 *(.rel.plt)

.rela.plt
 *(.rela.plt)

.text           0x00000000     0x1364
 *(.vectors)
 .vectors       0x00000000       0x54 e:/avr/atmel/atmel toolchain/avr8 gcc/native/3.4.2.1002/avr8-gnu-toolchain/bin/../lib/gcc/avr/4.7.2/../../../../avr/lib/avr5/crtm32.o
                0x00000000                __vector_default
                0x00000000                __vectors
 *(.vectors)
 *(.progmem.gcc*)
 *(.progmem*)
                0x00000054                . = ALIGN (0x2)
                0x00000054                __trampolines_start = .
 *(.trampolines)
 .trampolines   0x00000054        0x0 linker stubs
 *(.trampolines*)
                0x00000054                __trampolines_end = .
 *(.jumptables)
 *(.jumptables*)
 *(.lowtext)
 *(.lowtext*)
                0x00000054                __ctors_start = .
 *(.ctors)
                0x00000054                __ctors_end = .
                0x00000054                __dtors_start = .
 *(.dtors)
                0x00000054                __dtors_end = .
 SORT(*)(.ctors)
 SORT(*)(.dtors)
 *(.init0)
 .init0         0x00000054        0x0 e:/avr/atmel/atmel toolchain/avr8 gcc/native/3.4.2.1002/avr8-gnu-toolchain/bin/../lib/gcc/avr/4.7.2/../../../../avr/lib/avr5/crtm32.o
                0x00000054                __init
 *(.init0)
 *(.init1)
 *(.init1)
 *(.init2)
 .init2         0x00000054        0xc e:/avr/atmel/atmel toolchain/avr8 gcc/native/3.4.2.1002/avr8-gnu-toolchain/bin/../lib/gcc/avr/4.7.2/../../../../avr/lib/avr5/crtm32.o
 *(.init2)
 *(.init3)
 *(.init3)
 *(.init4)
 .init4         0x00000060       0x16 e:/avr/atmel/atmel toolchain/avr8 gcc/native/3.4.2.1002/avr8-gnu-toolchain/bin/../lib/gcc/avr/4.7.2/avr5\libgcc.a(_copy_data.o)
                0x00000060                __do_copy_data
 .init4         0x00000076       0x10 e:/avr/atmel/atmel toolchain/avr8 gcc/native/3.4.2.1002/avr8-gnu-toolchain/bin/../lib/gcc/avr/4.7.2/avr5\libgcc.a(_clear_bss.o)
                0x00000076                __do_clear_bss
 *(.init4)
 *(.init5)
 *(.init5)
 *(.init6)
 *(.init6)
 *(.init7)
 *(.init7)
 *(.init8)
 *(.init8)
 *(.init9)
 .init9         0x00000086        0x8 e:/avr/atmel/atmel toolchain/avr8 gcc/native/3.4.2.1002/avr8-gnu-toolchain/bin/../lib/gcc/avr/4.7.2/../../../../avr/lib/avr5/crtm32.o
 *(.init9)
 *(.text)
 .text          0x0000008e        0x4 e:/avr/atmel/atmel toolchain/avr8 gcc/native/3.4.2.1002/avr8-gnu-toolchain/bin/../lib/gcc/avr/4.7.2/../../../../avr/lib/avr5/crtm32.o
                0x0000008e                __vector_1
                0x0000008e                __vector_12
                0x0000008e                __bad_interrupt
                0x0000008e                __vector_6
                0x0000008e                __vector_3
                0x0000008e                __vector_11
                0x0000008e                __vector_17
                0x0000008e                __vector_7
                0x0000008e                __vector_5
                0x0000008e                __vector_4
                0x0000008e                __vector_2
                0x0000008e                __vector_8
                0x0000008e                __vector_14
                0x0000008e                __vector_10
                0x0000008e                __vector_18
                0x0000008e                __vector_20
                0x00000092                . = ALIGN (0x2)
 *(.text.*)
 .text.__vector_16
                0x00000092       0x78 ADC.o
                0x00000092                __vector_16
 .text.getADCmeanValues
                0x0000010a      0x1f6 ADC.o
                0x0000010a                getADCmeanValues
 .text.initLED  0x00000300        0x8 LED.o
                0x00000300                initLED
 .text.updateLED
                0x00000308        0x6 LED.o
                0x00000308                updateLED
 .text.main     0x0000030e      0x232 main.o
                0x0000030e                main
 .text.CalculPWM
                0x00000540      0x6a2 moteur.o
                0x00000540                CalculPWM
 .text.__vector_9
                0x00000be2       0x36 PWM.o
                0x00000be2                __vector_9
 .text.initTIMER
                0x00000c18       0x14 PWM.o
                0x00000c18                initTIMER
 .text.initTWI  0x00000c2c       0x12 TWI.o
                0x00000c2c                initTWI
 .text.putDataOutBuf
                0x00000c3e       0x20 TWI.o
                0x00000c3e                putDataOutBuf
 .text.getDataOutBuf
                0x00000c5e       0x20 TWI.o
                0x00000c5e                getDataOutBuf
 .text.putDataInBuf
                0x00000c7e       0x1c TWI.o
                0x00000c7e                putDataInBuf
 .text.getDataInBuf
                0x00000c9a       0x1c TWI.o
                0x00000c9a                getDataInBuf
 .text.__vector_19
                0x00000cb6      0x148 TWI.o
                0x00000cb6                __vector_19
 .text.twiWrite
                0x00000dfe       0x28 TWI.o
                0x00000dfe                twiWrite
 .text.twiRead  0x00000e26       0x3a TWI.o
                0x00000e26                twiRead
 .text.__vector_15
                0x00000e60       0x58 UART.o
                0x00000e60                __vector_15
 .text.__vector_13
                0x00000eb8       0xa0 UART.o
                0x00000eb8                __vector_13
 .text.initUART
                0x00000f58       0x34 UART.o
                0x00000f58                initUART
 .text.avr-libc.fplib
                0x00000f8c        0xa e:/avr/atmel/atmel toolchain/avr8 gcc/native/3.4.2.1002/avr8-gnu-toolchain/bin/../lib/gcc/avr/4.7.2/../../../../avr/lib/avr5\libm.a(addsf3.o)
                0x00000f8c                __subsf3
                0x00000f8e                __addsf3
 .text.avr-libc.fplib
                0x00000f96       0xc0 e:/avr/atmel/atmel toolchain/avr8 gcc/native/3.4.2.1002/avr8-gnu-toolchain/bin/../lib/gcc/avr/4.7.2/../../../../avr/lib/avr5\libm.a(addsf3x.o)
                0x00000fb0                __addsf3x
 .text.avr-libc.fplib
                0x00001056        0x8 e:/avr/atmel/atmel toolchain/avr8 gcc/native/3.4.2.1002/avr8-gnu-toolchain/bin/../lib/gcc/avr/4.7.2/../../../../avr/lib/avr5\libm.a(cmpsf2.o)
                0x00001056                __nesf2
                0x00001056                __eqsf2
                0x00001056                __cmpsf2
                0x00001056                __ltsf2
                0x00001056                __lesf2
 .text.avr-libc.fplib
                0x0000105e        0x4 e:/avr/atmel/atmel toolchain/avr8 gcc/native/3.4.2.1002/avr8-gnu-toolchain/bin/../lib/gcc/avr/4.7.2/../../../../avr/lib/avr5\libm.a(divsf3.o)
                0x0000105e                __divsf3
 .text.avr-libc.fplib
                0x00001062       0xcc e:/avr/atmel/atmel toolchain/avr8 gcc/native/3.4.2.1002/avr8-gnu-toolchain/bin/../lib/gcc/avr/4.7.2/../../../../avr/lib/avr5\libm.a(divsf3x.o)
                0x00001078                __divsf3x
                0x0000107c                __divsf3_pse
 .text.avr-libc.fplib
                0x0000112e       0x7a e:/avr/atmel/atmel toolchain/avr8 gcc/native/3.4.2.1002/avr8-gnu-toolchain/bin/../lib/gcc/avr/4.7.2/../../../../avr/lib/avr5\libm.a(floatsisf.o)
                0x0000112e                __floatunsisf
                0x00001132                __floatsisf
 .text.avr-libc.fplib
                0x000011a8       0x48 e:/avr/atmel/atmel toolchain/avr8 gcc/native/3.4.2.1002/avr8-gnu-toolchain/bin/../lib/gcc/avr/4.7.2/../../../../avr/lib/avr5\libm.a(fp_cmp.o)
                0x000011a8                __fp_cmp
 .text.avr-libc.fplib
                0x000011f0        0xc e:/avr/atmel/atmel toolchain/avr8 gcc/native/3.4.2.1002/avr8-gnu-toolchain/bin/../lib/gcc/avr/4.7.2/../../../../avr/lib/avr5\libm.a(fp_inf.o)
                0x000011f0                __fp_inf
 .text.avr-libc.fplib
                0x000011fc        0x6 e:/avr/atmel/atmel toolchain/avr8 gcc/native/3.4.2.1002/avr8-gnu-toolchain/bin/../lib/gcc/avr/4.7.2/../../../../avr/lib/avr5\libm.a(fp_nan.o)
                0x000011fc                __fp_nan
 .text.avr-libc.fplib
                0x00001202        0xe e:/avr/atmel/atmel toolchain/avr8 gcc/native/3.4.2.1002/avr8-gnu-toolchain/bin/../lib/gcc/avr/4.7.2/../../../../avr/lib/avr5\libm.a(fp_pscA.o)
                0x00001202                __fp_pscA
 .text.avr-libc.fplib
                0x00001210        0xe e:/avr/atmel/atmel toolchain/avr8 gcc/native/3.4.2.1002/avr8-gnu-toolchain/bin/../lib/gcc/avr/4.7.2/../../../../avr/lib/avr5\libm.a(fp_pscB.o)
                0x00001210                __fp_pscB
 .text.avr-libc.fplib
                0x0000121e       0x22 e:/avr/atmel/atmel toolchain/avr8 gcc/native/3.4.2.1002/avr8-gnu-toolchain/bin/../lib/gcc/avr/4.7.2/../../../../avr/lib/avr5\libm.a(fp_round.o)
                0x0000121e                __fp_round
 .text.avr-libc.fplib
                0x00001240       0x44 e:/avr/atmel/atmel toolchain/avr8 gcc/native/3.4.2.1002/avr8-gnu-toolchain/bin/../lib/gcc/avr/4.7.2/../../../../avr/lib/avr5\libm.a(fp_split3.o)
                0x00001240                __fp_split3
                0x00001250                __fp_splitA
 .text.avr-libc.fplib
                0x00001284        0xe e:/avr/atmel/atmel toolchain/avr8 gcc/native/3.4.2.1002/avr8-gnu-toolchain/bin/../lib/gcc/avr/4.7.2/../../../../avr/lib/avr5\libm.a(fp_zero.o)
                0x00001284                __fp_zero
                0x00001286                __fp_szero
 .text.avr-libc.fplib
                0x00001292        0x8 e:/avr/atmel/atmel toolchain/avr8 gcc/native/3.4.2.1002/avr8-gnu-toolchain/bin/../lib/gcc/avr/4.7.2/../../../../avr/lib/avr5\libm.a(gesf2.o)
                0x00001292                __gesf2
                0x00001292                __gtsf2
 .text.avr-libc.fplib
                0x0000129a        0x4 e:/avr/atmel/atmel toolchain/avr8 gcc/native/3.4.2.1002/avr8-gnu-toolchain/bin/../lib/gcc/avr/4.7.2/../../../../avr/lib/avr5\libm.a(mulsf3.o)
                0x0000129a                __mulsf3
 .text.avr-libc.fplib
                0x0000129e       0xc2 e:/avr/atmel/atmel toolchain/avr8 gcc/native/3.4.2.1002/avr8-gnu-toolchain/bin/../lib/gcc/avr/4.7.2/../../../../avr/lib/avr5\libm.a(mulsf3x.o)
                0x000012b2                __mulsf3x
                0x000012b6                __mulsf3_pse
                0x00001360                . = ALIGN (0x2)
 *(.fini9)
 .fini9         0x00001360        0x0 e:/avr/atmel/atmel toolchain/avr8 gcc/native/3.4.2.1002/avr8-gnu-toolchain/bin/../lib/gcc/avr/4.7.2/avr5\libgcc.a(_exit.o)
                0x00001360                _exit
                0x00001360                exit
 *(.fini9)
 *(.fini8)
 *(.fini8)
 *(.fini7)
 *(.fini7)
 *(.fini6)
 *(.fini6)
 *(.fini5)
 *(.fini5)
 *(.fini4)
 *(.fini4)
 *(.fini3)
 *(.fini3)
 *(.fini2)
 *(.fini2)
 *(.fini1)
 *(.fini1)
 *(.fini0)
 .fini0         0x00001360        0x4 e:/avr/atmel/atmel toolchain/avr8 gcc/native/3.4.2.1002/avr8-gnu-toolchain/bin/../lib/gcc/avr/4.7.2/avr5\libgcc.a(_exit.o)
 *(.fini0)
                0x00001364                _etext = .

.data           0x00800060        0xa load address 0x00001364
                0x00800060                PROVIDE (__data_start, .)
 *(.data)
 .data          0x00800060        0x0 e:/avr/atmel/atmel toolchain/avr8 gcc/native/3.4.2.1002/avr8-gnu-toolchain/bin/../lib/gcc/avr/4.7.2/../../../../avr/lib/avr5/crtm32.o
 .data          0x00800060        0x0 ADC.o
 .data          0x00800060        0x0 LED.o
 .data          0x00800060        0x0 main.o
 .data          0x00800060        0x0 moteur.o
 .data          0x00800060        0x0 PWM.o
 .data          0x00800060        0x0 TWI.o
 .data          0x00800060        0x0 UART.o
 .data          0x00800060        0x0 e:/avr/atmel/atmel toolchain/avr8 gcc/native/3.4.2.1002/avr8-gnu-toolchain/bin/../lib/gcc/avr/4.7.2/../../../../avr/lib/avr5\libm.a(addsf3.o)
 .data          0x00800060        0x0 e:/avr/atmel/atmel toolchain/avr8 gcc/native/3.4.2.1002/avr8-gnu-toolchain/bin/../lib/gcc/avr/4.7.2/../../../../avr/lib/avr5\libm.a(addsf3x.o)
 .data          0x00800060        0x0 e:/avr/atmel/atmel toolchain/avr8 gcc/native/3.4.2.1002/avr8-gnu-toolchain/bin/../lib/gcc/avr/4.7.2/../../../../avr/lib/avr5\libm.a(cmpsf2.o)
 .data          0x00800060        0x0 e:/avr/atmel/atmel toolchain/avr8 gcc/native/3.4.2.1002/avr8-gnu-toolchain/bin/../lib/gcc/avr/4.7.2/../../../../avr/lib/avr5\libm.a(divsf3.o)
 .data          0x00800060        0x0 e:/avr/atmel/atmel toolchain/avr8 gcc/native/3.4.2.1002/avr8-gnu-toolchain/bin/../lib/gcc/avr/4.7.2/../../../../avr/lib/avr5\libm.a(divsf3x.o)
 .data          0x00800060        0x0 e:/avr/atmel/atmel toolchain/avr8 gcc/native/3.4.2.1002/avr8-gnu-toolchain/bin/../lib/gcc/avr/4.7.2/../../../../avr/lib/avr5\libm.a(floatsisf.o)
 .data          0x00800060        0x0 e:/avr/atmel/atmel toolchain/avr8 gcc/native/3.4.2.1002/avr8-gnu-toolchain/bin/../lib/gcc/avr/4.7.2/../../../../avr/lib/avr5\libm.a(fp_cmp.o)
 .data          0x00800060        0x0 e:/avr/atmel/atmel toolchain/avr8 gcc/native/3.4.2.1002/avr8-gnu-toolchain/bin/../lib/gcc/avr/4.7.2/../../../../avr/lib/avr5\libm.a(fp_inf.o)
 .data          0x00800060        0x0 e:/avr/atmel/atmel toolchain/avr8 gcc/native/3.4.2.1002/avr8-gnu-toolchain/bin/../lib/gcc/avr/4.7.2/../../../../avr/lib/avr5\libm.a(fp_nan.o)
 .data          0x00800060        0x0 e:/avr/atmel/atmel toolchain/avr8 gcc/native/3.4.2.1002/avr8-gnu-toolchain/bin/../lib/gcc/avr/4.7.2/../../../../avr/lib/avr5\libm.a(fp_pscA.o)
 .data          0x00800060        0x0 e:/avr/atmel/atmel toolchain/avr8 gcc/native/3.4.2.1002/avr8-gnu-toolchain/bin/../lib/gcc/avr/4.7.2/../../../../avr/lib/avr5\libm.a(fp_pscB.o)
 .data          0x00800060        0x0 e:/avr/atmel/atmel toolchain/avr8 gcc/native/3.4.2.1002/avr8-gnu-toolchain/bin/../lib/gcc/avr/4.7.2/../../../../avr/lib/avr5\libm.a(fp_round.o)
 .data          0x00800060        0x0 e:/avr/atmel/atmel toolchain/avr8 gcc/native/3.4.2.1002/avr8-gnu-toolchain/bin/../lib/gcc/avr/4.7.2/../../../../avr/lib/avr5\libm.a(fp_split3.o)
 .data          0x00800060        0x0 e:/avr/atmel/atmel toolchain/avr8 gcc/native/3.4.2.1002/avr8-gnu-toolchain/bin/../lib/gcc/avr/4.7.2/../../../../avr/lib/avr5\libm.a(fp_zero.o)
 .data          0x00800060        0x0 e:/avr/atmel/atmel toolchain/avr8 gcc/native/3.4.2.1002/avr8-gnu-toolchain/bin/../lib/gcc/avr/4.7.2/../../../../avr/lib/avr5\libm.a(gesf2.o)
 .data          0x00800060        0x0 e:/avr/atmel/atmel toolchain/avr8 gcc/native/3.4.2.1002/avr8-gnu-toolchain/bin/../lib/gcc/avr/4.7.2/../../../../avr/lib/avr5\libm.a(mulsf3.o)
 .data          0x00800060        0x0 e:/avr/atmel/atmel toolchain/avr8 gcc/native/3.4.2.1002/avr8-gnu-toolchain/bin/../lib/gcc/avr/4.7.2/../../../../avr/lib/avr5\libm.a(mulsf3x.o)
 .data          0x00800060        0x0 e:/avr/atmel/atmel toolchain/avr8 gcc/native/3.4.2.1002/avr8-gnu-toolchain/bin/../lib/gcc/avr/4.7.2/avr5\libgcc.a(_udivmodhi4.o)
 .data          0x00800060        0x0 e:/avr/atmel/atmel toolchain/avr8 gcc/native/3.4.2.1002/avr8-gnu-toolchain/bin/../lib/gcc/avr/4.7.2/avr5\libgcc.a(_exit.o)
 .data          0x00800060        0x0 e:/avr/atmel/atmel toolchain/avr8 gcc/native/3.4.2.1002/avr8-gnu-toolchain/bin/../lib/gcc/avr/4.7.2/avr5\libgcc.a(_copy_data.o)
 .data          0x00800060        0x0 e:/avr/atmel/atmel toolchain/avr8 gcc/native/3.4.2.1002/avr8-gnu-toolchain/bin/../lib/gcc/avr/4.7.2/avr5\libgcc.a(_clear_bss.o)
 *(.data*)
 .data.LEFT_Vmax_neg
                0x00800060        0x2 ADC.o
 .data.LEFT_Vmax_pos
                0x00800062        0x2 ADC.o
 .data.RIGHT_Vmax_neg
                0x00800064        0x2 ADC.o
 .data.RIGHT_Vmax_pos
                0x00800066        0x2 ADC.o
 .data.flag_echo_EN
                0x00800068        0x1 UART.o
                0x00800068                flag_echo_EN
 *(.rodata)
 *(.rodata*)
 *(.gnu.linkonce.d*)
                0x0080006a                . = ALIGN (0x2)
 *fill*         0x00800069        0x1 
                0x0080006a                _edata = .
                0x0080006a                PROVIDE (__data_end, .)

.bss            0x0080006a       0xa0
                0x0080006a                PROVIDE (__bss_start, .)
 *(.bss)
 *(.bss*)
 .bss.LEFT_Vzero_neg
                0x0080006a        0x2 ADC.o
 .bss.LEFT_Vzero_pos
                0x0080006c        0x2 ADC.o
 .bss.RIGHT_Vzero_neg
                0x0080006e        0x2 ADC.o
 .bss.RIGHT_Vzero_pos
                0x00800070        0x2 ADC.o
 .bss.RIGHT_ADCvalue
                0x00800072        0x2 ADC.o
 .bss.RIGHT_counter
                0x00800074        0x1 ADC.o
 .bss.LEFT_ADCvalue
                0x00800075        0x2 ADC.o
 .bss.LEFT_counter
                0x00800077        0x1 ADC.o
 .bss.flag_newStatus
                0x00800078        0x1 main.o
                0x00800078                flag_newStatus
 .bss.W.1335    0x00800079        0x4 moteur.o
 .bss.Old_W.1336
                0x0080007d        0x4 moteur.o
 .bss.Vt.1337   0x00800081        0x4 moteur.o
 .bss.Angle.1333
                0x00800085        0x4 moteur.o
 .bss.ErreurAngle.1334
                0x00800089        0x4 moteur.o
 .bss.Ut.1338   0x0080008d        0x4 moteur.o
 .bss.Ua.1339   0x00800091        0x4 moteur.o
 .bss.Signe_Ua.1340
                0x00800095        0x2 moteur.o
 .bss.Signe_Ut.1341
                0x00800097        0x2 moteur.o
 .bss.TICK_counter
                0x00800099        0x1 PWM.o
 .bss.flag_50ms_TICK
                0x0080009a        0x1 PWM.o
                0x0080009a                flag_50ms_TICK
 .bss.flag_PWMcycle
                0x0080009b        0x1 PWM.o
                0x0080009b                flag_PWMcycle
 .bss.TWIdataCounter
                0x0080009c        0x1 TWI.o
                0x0080009c                TWIdataCounter
 .bss.uart_in_counter
                0x0080009d        0x1 UART.o
 .bss.uart_out_counter
                0x0080009e        0x1 UART.o
 .bss.commande  0x0080009f        0x3 UART.o
                0x0080009f                commande
 .bss.flag_trans_ON
                0x008000a2        0x1 UART.o
                0x008000a2                flag_trans_ON
 .bss.flag_CMD_in
                0x008000a3        0x1 UART.o
                0x008000a3                flag_CMD_in
 .bss.uart_data_ptr
                0x008000a4        0x2 UART.o
 *(COMMON)
 COMMON         0x008000a6       0x64 ADC.o
                0x008000a6                CircularBufferIn
                0x008000e6                CircularBufferOutEnd
                0x008000e7                CircularBufferOut
                0x00800107                CircularBufferOutIndex
                0x00800108                CircularBufferInEnd
                0x00800109                CircularBufferInIndex
                0x0080010a                PROVIDE (__bss_end, .)
                0x00001364                __data_load_start = LOADADDR (.data)
                0x0000136e                __data_load_end = (__data_load_start + SIZEOF (.data))

.noinit         0x0080010a        0x0
                0x0080010a                PROVIDE (__noinit_start, .)
 *(.noinit*)
                0x0080010a                PROVIDE (__noinit_end, .)
                0x0080010a                _end = .
                0x0080010a                PROVIDE (__heap_start, .)

.eeprom         0x00810000        0x0
 *(.eeprom*)
                0x00810000                __eeprom_end = .

.fuse
 *(.fuse)
 *(.lfuse)
 *(.hfuse)
 *(.efuse)

.lock
 *(.lock*)

.signature
 *(.signature*)

.user_signatures
 *(.user_signatures*)

.stab           0x00000000     0x219c
 *(.stab)
 .stab          0x00000000      0x6cc e:/avr/atmel/atmel toolchain/avr8 gcc/native/3.4.2.1002/avr8-gnu-toolchain/bin/../lib/gcc/avr/4.7.2/../../../../avr/lib/avr5/crtm32.o
 .stab          0x000006cc       0x78 e:/avr/atmel/atmel toolchain/avr8 gcc/native/3.4.2.1002/avr8-gnu-toolchain/bin/../lib/gcc/avr/4.7.2/../../../../avr/lib/avr5\libm.a(addsf3.o)
                                 0x84 (size before relaxing)
 .stab          0x00000744      0x4bc e:/avr/atmel/atmel toolchain/avr8 gcc/native/3.4.2.1002/avr8-gnu-toolchain/bin/../lib/gcc/avr/4.7.2/../../../../avr/lib/avr5\libm.a(addsf3x.o)
                                0x4c8 (size before relaxing)
 .stab          0x00000c00       0x90 e:/avr/atmel/atmel toolchain/avr8 gcc/native/3.4.2.1002/avr8-gnu-toolchain/bin/../lib/gcc/avr/4.7.2/../../../../avr/lib/avr5\libm.a(cmpsf2.o)
                                 0x9c (size before relaxing)
 .stab          0x00000c90       0x48 e:/avr/atmel/atmel toolchain/avr8 gcc/native/3.4.2.1002/avr8-gnu-toolchain/bin/../lib/gcc/avr/4.7.2/../../../../avr/lib/avr5\libm.a(divsf3.o)
                                 0x54 (size before relaxing)
 .stab          0x00000cd8      0x510 e:/avr/atmel/atmel toolchain/avr8 gcc/native/3.4.2.1002/avr8-gnu-toolchain/bin/../lib/gcc/avr/4.7.2/../../../../avr/lib/avr5\libm.a(divsf3x.o)
                                0x51c (size before relaxing)
 .stab          0x000011e8      0x318 e:/avr/atmel/atmel toolchain/avr8 gcc/native/3.4.2.1002/avr8-gnu-toolchain/bin/../lib/gcc/avr/4.7.2/../../../../avr/lib/avr5\libm.a(floatsisf.o)
                                0x324 (size before relaxing)
 .stab          0x00001500      0x1e0 e:/avr/atmel/atmel toolchain/avr8 gcc/native/3.4.2.1002/avr8-gnu-toolchain/bin/../lib/gcc/avr/4.7.2/../../../../avr/lib/avr5\libm.a(fp_cmp.o)
                                0x1ec (size before relaxing)
 .stab          0x000016e0       0x78 e:/avr/atmel/atmel toolchain/avr8 gcc/native/3.4.2.1002/avr8-gnu-toolchain/bin/../lib/gcc/avr/4.7.2/../../../../avr/lib/avr5\libm.a(fp_inf.o)
                                 0x84 (size before relaxing)
 .stab          0x00001758       0x54 e:/avr/atmel/atmel toolchain/avr8 gcc/native/3.4.2.1002/avr8-gnu-toolchain/bin/../lib/gcc/avr/4.7.2/../../../../avr/lib/avr5\libm.a(fp_nan.o)
                                 0x60 (size before relaxing)
 .stab          0x000017ac       0x84 e:/avr/atmel/atmel toolchain/avr8 gcc/native/3.4.2.1002/avr8-gnu-toolchain/bin/../lib/gcc/avr/4.7.2/../../../../avr/lib/avr5\libm.a(fp_pscA.o)
                                 0x90 (size before relaxing)
 .stab          0x00001830       0x84 e:/avr/atmel/atmel toolchain/avr8 gcc/native/3.4.2.1002/avr8-gnu-toolchain/bin/../lib/gcc/avr/4.7.2/../../../../avr/lib/avr5\libm.a(fp_pscB.o)
                                 0x90 (size before relaxing)
 .stab          0x000018b4       0xfc e:/avr/atmel/atmel toolchain/avr8 gcc/native/3.4.2.1002/avr8-gnu-toolchain/bin/../lib/gcc/avr/4.7.2/../../../../avr/lib/avr5\libm.a(fp_round.o)
                                0x108 (size before relaxing)
 .stab          0x000019b0      0x1d4 e:/avr/atmel/atmel toolchain/avr8 gcc/native/3.4.2.1002/avr8-gnu-toolchain/bin/../lib/gcc/avr/4.7.2/../../../../avr/lib/avr5\libm.a(fp_split3.o)
                                0x1e0 (size before relaxing)
 .stab          0x00001b84       0x90 e:/avr/atmel/atmel toolchain/avr8 gcc/native/3.4.2.1002/avr8-gnu-toolchain/bin/../lib/gcc/avr/4.7.2/../../../../avr/lib/avr5\libm.a(fp_zero.o)
                                 0x9c (size before relaxing)
 .stab          0x00001c14       0x6c e:/avr/atmel/atmel toolchain/avr8 gcc/native/3.4.2.1002/avr8-gnu-toolchain/bin/../lib/gcc/avr/4.7.2/../../../../avr/lib/avr5\libm.a(gesf2.o)
                                 0x78 (size before relaxing)
 .stab          0x00001c80       0x48 e:/avr/atmel/atmel toolchain/avr8 gcc/native/3.4.2.1002/avr8-gnu-toolchain/bin/../lib/gcc/avr/4.7.2/../../../../avr/lib/avr5\libm.a(mulsf3.o)
                                 0x54 (size before relaxing)
 .stab          0x00001cc8      0x4d4 e:/avr/atmel/atmel toolchain/avr8 gcc/native/3.4.2.1002/avr8-gnu-toolchain/bin/../lib/gcc/avr/4.7.2/../../../../avr/lib/avr5\libm.a(mulsf3x.o)
                                0x4e0 (size before relaxing)

.stabstr        0x00000000      0x847
 *(.stabstr)
 .stabstr       0x00000000      0x847 e:/avr/atmel/atmel toolchain/avr8 gcc/native/3.4.2.1002/avr8-gnu-toolchain/bin/../lib/gcc/avr/4.7.2/../../../../avr/lib/avr5/crtm32.o

.stab.excl
 *(.stab.excl)

.stab.exclstr
 *(.stab.exclstr)

.stab.index
 *(.stab.index)

.stab.indexstr
 *(.stab.indexstr)

.comment        0x00000000       0x2f
 *(.comment)
 .comment       0x00000000       0x2f ADC.o
                                 0x30 (size before relaxing)
 .comment       0x00000000       0x30 LED.o
 .comment       0x00000000       0x30 main.o
 .comment       0x00000000       0x30 moteur.o
 .comment       0x00000000       0x30 PWM.o
 .comment       0x00000000       0x30 TWI.o
 .comment       0x00000000       0x30 UART.o

.debug
 *(.debug)

.line
 *(.line)

.debug_srcinfo
 *(.debug_srcinfo)

.debug_sfnames
 *(.debug_sfnames)

.debug_aranges  0x00000000      0x180
 *(.debug_aranges)
 .debug_aranges
                0x00000000       0x50 ADC.o
 .debug_aranges
                0x00000050       0x38 LED.o
 .debug_aranges
                0x00000088       0x20 main.o
 .debug_aranges
                0x000000a8       0x20 moteur.o
 .debug_aranges
                0x000000c8       0x28 PWM.o
 .debug_aranges
                0x000000f0       0x58 TWI.o
 .debug_aranges
                0x00000148       0x38 UART.o

.debug_pubnames
 *(.debug_pubnames)

.debug_info     0x00000000     0x16ec
 *(.debug_info)
 .debug_info    0x00000000      0x3a8 ADC.o
 .debug_info    0x000003a8      0x280 LED.o
 .debug_info    0x00000628      0x601 main.o
 .debug_info    0x00000c29      0x144 moteur.o
 .debug_info    0x00000d6d      0x24f PWM.o
 .debug_info    0x00000fbc      0x41f TWI.o
 .debug_info    0x000013db      0x311 UART.o
 *(.gnu.linkonce.wi.*)

.debug_abbrev   0x00000000      0x6df
 *(.debug_abbrev)
 .debug_abbrev  0x00000000      0x121 ADC.o
 .debug_abbrev  0x00000121       0xcb LED.o
 .debug_abbrev  0x000001ec      0x138 main.o
 .debug_abbrev  0x00000324       0x9a moteur.o
 .debug_abbrev  0x000003be       0xab PWM.o
 .debug_abbrev  0x00000469      0x16a TWI.o
 .debug_abbrev  0x000005d3      0x10c UART.o

.debug_line     0x00000000      0x8d4
 *(.debug_line)
 .debug_line    0x00000000      0x197 ADC.o
 .debug_line    0x00000197       0xfd LED.o
 .debug_line    0x00000294      0x14e main.o
 .debug_line    0x000003e2      0x131 moteur.o
 .debug_line    0x00000513       0xea PWM.o
 .debug_line    0x000005fd      0x19f TWI.o
 .debug_line    0x0000079c      0x138 UART.o

.debug_frame    0x00000000      0x3c4
 *(.debug_frame)
 .debug_frame   0x00000000       0xe8 ADC.o
 .debug_frame   0x000000e8       0x54 LED.o
 .debug_frame   0x0000013c       0x34 main.o
 .debug_frame   0x00000170       0x84 moteur.o
 .debug_frame   0x000001f4       0x44 PWM.o
 .debug_frame   0x00000238       0xfc TWI.o
 .debug_frame   0x00000334       0x90 UART.o

.debug_str      0x00000000      0x4c8
 *(.debug_str)
 .debug_str     0x00000000      0x22d ADC.o
                                0x266 (size before relaxing)
 .debug_str     0x0000022d       0x32 LED.o
                                0x221 (size before relaxing)
 .debug_str     0x0000025f      0x104 main.o
                                0x315 (size before relaxing)
 .debug_str     0x00000363       0x52 moteur.o
                                 0xa1 (size before relaxing)
 .debug_str     0x000003b5       0x23 PWM.o
                                0x232 (size before relaxing)
 .debug_str     0x000003d8       0x72 TWI.o
                                0x27a (size before relaxing)
 .debug_str     0x0000044a       0x7e UART.o
                                0x289 (size before relaxing)

.debug_loc      0x00000000      0xac6
 *(.debug_loc)
 .debug_loc     0x00000000      0x20c ADC.o
 .debug_loc     0x0000020c       0x42 LED.o
 .debug_loc     0x0000024e      0x28a main.o
 .debug_loc     0x000004d8      0x20b moteur.o
 .debug_loc     0x000006e3       0x3c PWM.o
 .debug_loc     0x0000071f      0x2a6 TWI.o
 .debug_loc     0x000009c5      0x101 UART.o

.debug_macinfo
 *(.debug_macinfo)

.debug_pubtypes
 *(.debug_pubtypes)

.debug_ranges   0x00000000      0x110
 *(.debug_ranges)
 .debug_ranges  0x00000000       0x40 ADC.o
 .debug_ranges  0x00000040       0x28 LED.o
 .debug_ranges  0x00000068       0x10 main.o
 .debug_ranges  0x00000078       0x10 moteur.o
 .debug_ranges  0x00000088       0x18 PWM.o
 .debug_ranges  0x000000a0       0x48 TWI.o
 .debug_ranges  0x000000e8       0x28 UART.o

.debug_macro
 *(.debug_macro)
OUTPUT(ELE542.elf elf32-avr)
LOAD linker stubs
